Component: ARM Compiler 5.06 (build 20) Tool: armlink [4d35a3]

==============================================================================

Section Cross References

    stm32f1xx_hal_pwr.o(i.HAL_PWR_EnterSTOPMode) refers to stm32f1xx_hal_pwr.o(i.PWR_OverloadWfe) for PWR_OverloadWfe
    stm32f1xx_hal_pwr.o(i.HAL_PWR_PVD_IRQHandler) refers to stm32f1xx_hal_pwr.o(i.HAL_PWR_PVDCallback) for HAL_PWR_PVDCallback
    stm32f1xx_hal_tim.o(i.HAL_TIM_Base_DeInit) refers to tim.o(i.HAL_TIM_Base_MspDeInit) for HAL_TIM_Base_MspDeInit
    stm32f1xx_hal_tim.o(i.HAL_TIM_Base_Init) refers to tim.o(i.HAL_TIM_Base_MspInit) for HAL_TIM_Base_MspInit
    stm32f1xx_hal_tim.o(i.HAL_TIM_Base_Init) refers to stm32f1xx_hal_tim.o(i.TIM_Base_SetConfig) for TIM_Base_SetConfig
    stm32f1xx_hal_tim.o(i.HAL_TIM_Base_Start_DMA) refers to stm32f1xx_hal_dma.o(i.HAL_DMA_Start_IT) for HAL_DMA_Start_IT
    stm32f1xx_hal_tim.o(i.HAL_TIM_Base_Start_DMA) refers to stm32f1xx_hal_tim.o(i.TIM_DMAPeriodElapsedCplt) for TIM_DMAPeriodElapsedCplt
    stm32f1xx_hal_tim.o(i.HAL_TIM_Base_Start_DMA) refers to stm32f1xx_hal_tim.o(i.TIM_DMAError) for TIM_DMAError
    stm32f1xx_hal_tim.o(i.HAL_TIM_ConfigClockSource) refers to stm32f1xx_hal_tim.o(i.TIM_ETR_SetConfig) for TIM_ETR_SetConfig
    stm32f1xx_hal_tim.o(i.HAL_TIM_ConfigClockSource) refers to stm32f1xx_hal_tim.o(i.TIM_TI1_ConfigInputStage) for TIM_TI1_ConfigInputStage
    stm32f1xx_hal_tim.o(i.HAL_TIM_ConfigClockSource) refers to stm32f1xx_hal_tim.o(i.TIM_TI2_ConfigInputStage) for TIM_TI2_ConfigInputStage
    stm32f1xx_hal_tim.o(i.HAL_TIM_ConfigClockSource) refers to stm32f1xx_hal_tim.o(i.TIM_ITRx_SetConfig) for TIM_ITRx_SetConfig
    stm32f1xx_hal_tim.o(i.HAL_TIM_ConfigOCrefClear) refers to stm32f1xx_hal_tim.o(i.TIM_ETR_SetConfig) for TIM_ETR_SetConfig
    stm32f1xx_hal_tim.o(i.HAL_TIM_DMABurst_ReadStart) refers to stm32f1xx_hal_dma.o(i.HAL_DMA_Start_IT) for HAL_DMA_Start_IT
    stm32f1xx_hal_tim.o(i.HAL_TIM_DMABurst_ReadStart) refers to stm32f1xx_hal_tim.o(i.TIM_DMAError) for TIM_DMAError
    stm32f1xx_hal_tim.o(i.HAL_TIM_DMABurst_ReadStart) refers to stm32f1xx_hal_tim.o(i.TIM_DMACaptureCplt) for TIM_DMACaptureCplt
    stm32f1xx_hal_tim.o(i.HAL_TIM_DMABurst_ReadStart) refers to stm32f1xx_hal_tim.o(i.TIM_DMAPeriodElapsedCplt) for TIM_DMAPeriodElapsedCplt
    stm32f1xx_hal_tim.o(i.HAL_TIM_DMABurst_ReadStart) refers to stm32f1xx_hal_tim_ex.o(i.TIMEx_DMACommutationCplt) for TIMEx_DMACommutationCplt
    stm32f1xx_hal_tim.o(i.HAL_TIM_DMABurst_ReadStart) refers to stm32f1xx_hal_tim.o(i.TIM_DMATriggerCplt) for TIM_DMATriggerCplt
    stm32f1xx_hal_tim.o(i.HAL_TIM_DMABurst_ReadStop) refers to stm32f1xx_hal_dma.o(i.HAL_DMA_Abort) for HAL_DMA_Abort
    stm32f1xx_hal_tim.o(i.HAL_TIM_DMABurst_WriteStart) refers to stm32f1xx_hal_dma.o(i.HAL_DMA_Start_IT) for HAL_DMA_Start_IT
    stm32f1xx_hal_tim.o(i.HAL_TIM_DMABurst_WriteStart) refers to stm32f1xx_hal_tim.o(i.TIM_DMAError) for TIM_DMAError
    stm32f1xx_hal_tim.o(i.HAL_TIM_DMABurst_WriteStart) refers to stm32f1xx_hal_tim.o(i.TIM_DMADelayPulseCplt) for TIM_DMADelayPulseCplt
    stm32f1xx_hal_tim.o(i.HAL_TIM_DMABurst_WriteStart) refers to stm32f1xx_hal_tim.o(i.TIM_DMAPeriodElapsedCplt) for TIM_DMAPeriodElapsedCplt
    stm32f1xx_hal_tim.o(i.HAL_TIM_DMABurst_WriteStart) refers to stm32f1xx_hal_tim_ex.o(i.TIMEx_DMACommutationCplt) for TIMEx_DMACommutationCplt
    stm32f1xx_hal_tim.o(i.HAL_TIM_DMABurst_WriteStart) refers to stm32f1xx_hal_tim.o(i.TIM_DMATriggerCplt) for TIM_DMATriggerCplt
    stm32f1xx_hal_tim.o(i.HAL_TIM_DMABurst_WriteStop) refers to stm32f1xx_hal_dma.o(i.HAL_DMA_Abort) for HAL_DMA_Abort
    stm32f1xx_hal_tim.o(i.HAL_TIM_Encoder_DeInit) refers to stm32f1xx_hal_tim.o(i.HAL_TIM_Encoder_MspDeInit) for HAL_TIM_Encoder_MspDeInit
    stm32f1xx_hal_tim.o(i.HAL_TIM_Encoder_Init) refers to stm32f1xx_hal_tim.o(i.HAL_TIM_Encoder_MspInit) for HAL_TIM_Encoder_MspInit
    stm32f1xx_hal_tim.o(i.HAL_TIM_Encoder_Init) refers to stm32f1xx_hal_tim.o(i.TIM_Base_SetConfig) for TIM_Base_SetConfig
    stm32f1xx_hal_tim.o(i.HAL_TIM_Encoder_Start) refers to stm32f1xx_hal_tim.o(i.TIM_CCxChannelCmd) for TIM_CCxChannelCmd
    stm32f1xx_hal_tim.o(i.HAL_TIM_Encoder_Start_DMA) refers to stm32f1xx_hal_dma.o(i.HAL_DMA_Start_IT) for HAL_DMA_Start_IT
    stm32f1xx_hal_tim.o(i.HAL_TIM_Encoder_Start_DMA) refers to stm32f1xx_hal_tim.o(i.TIM_CCxChannelCmd) for TIM_CCxChannelCmd
    stm32f1xx_hal_tim.o(i.HAL_TIM_Encoder_Start_DMA) refers to stm32f1xx_hal_tim.o(i.TIM_DMACaptureCplt) for TIM_DMACaptureCplt
    stm32f1xx_hal_tim.o(i.HAL_TIM_Encoder_Start_DMA) refers to stm32f1xx_hal_tim.o(i.TIM_DMAError) for TIM_DMAError
    stm32f1xx_hal_tim.o(i.HAL_TIM_Encoder_Start_IT) refers to stm32f1xx_hal_tim.o(i.TIM_CCxChannelCmd) for TIM_CCxChannelCmd
    stm32f1xx_hal_tim.o(i.HAL_TIM_Encoder_Stop) refers to stm32f1xx_hal_tim.o(i.TIM_CCxChannelCmd) for TIM_CCxChannelCmd
    stm32f1xx_hal_tim.o(i.HAL_TIM_Encoder_Stop_DMA) refers to stm32f1xx_hal_tim.o(i.TIM_CCxChannelCmd) for TIM_CCxChannelCmd
[...]
    Removing stm32f1xx_hal_tim_ex.o(i.HAL_TIMEx_HallSensor_Stop_DMA), (56 bytes).
    Removing stm32f1xx_hal_tim_ex.o(i.HAL_TIMEx_HallSensor_Stop_IT), (56 bytes).
    Removing stm32f1xx_hal_tim_ex.o(i.HAL_TIMEx_OCN_Start), (36 bytes).
    Removing stm32f1xx_hal_tim_ex.o(i.HAL_TIMEx_OCN_Start_DMA), (184 bytes).
    Removing stm32f1xx_hal_tim_ex.o(i.HAL_TIMEx_OCN_Start_IT), (84 bytes).
    Removing stm32f1xx_hal_tim_ex.o(i.HAL_TIMEx_OCN_Stop), (68 bytes).
    Removing stm32f1xx_hal_tim_ex.o(i.HAL_TIMEx_OCN_Stop_DMA), (112 bytes).
    Removing stm32f1xx_hal_tim_ex.o(i.HAL_TIMEx_OCN_Stop_IT), (122 bytes).
    Removing stm32f1xx_hal_tim_ex.o(i.HAL_TIMEx_OnePulseN_Start), (26 bytes).
    Removing stm32f1xx_hal_tim_ex.o(i.HAL_TIMEx_OnePulseN_Start_IT), (46 bytes).
    Removing stm32f1xx_hal_tim_ex.o(i.HAL_TIMEx_OnePulseN_Stop), (68 bytes).
    Removing stm32f1xx_hal_tim_ex.o(i.HAL_TIMEx_OnePulseN_Stop_IT), (88 bytes).
    Removing stm32f1xx_hal_tim_ex.o(i.HAL_TIMEx_PWMN_Start), (36 bytes).
    Removing stm32f1xx_hal_tim_ex.o(i.HAL_TIMEx_PWMN_Start_DMA), (184 bytes).
    Removing stm32f1xx_hal_tim_ex.o(i.HAL_TIMEx_PWMN_Start_IT), (84 bytes).
    Removing stm32f1xx_hal_tim_ex.o(i.HAL_TIMEx_PWMN_Stop), (68 bytes).
    Removing stm32f1xx_hal_tim_ex.o(i.HAL_TIMEx_PWMN_Stop_DMA), (112 bytes).
    Removing stm32f1xx_hal_tim_ex.o(i.HAL_TIMEx_PWMN_Stop_IT), (122 bytes).
    Removing stm32f1xx_hal_tim_ex.o(i.TIMEx_DMACommutationCplt), (16 bytes).
    Removing stm32f1xx_hal_tim_ex.o(i.TIM_CCxNChannelCmd), (22 bytes).
    Removing stm32f1xx_hal_cortex.o(.rev16_text), (4 bytes).
    Removing stm32f1xx_hal_cortex.o(.revsh_text), (4 bytes).
    Removing stm32f1xx_hal_cortex.o(.rrx_text), (6 bytes).
    Removing stm32f1xx_hal_cortex.o(i.HAL_NVIC_ClearPendingIRQ), (22 bytes).
    Removing stm32f1xx_hal_cortex.o(i.HAL_NVIC_DisableIRQ), (22 bytes).
    Removing stm32f1xx_hal_cortex.o(i.HAL_NVIC_GetActive), (32 bytes).
    Removing stm32f1xx_hal_cortex.o(i.HAL_NVIC_GetPendingIRQ), (32 bytes).
    Removing stm32f1xx_hal_cortex.o(i.HAL_NVIC_GetPriority), (82 bytes).
    Removing stm32f1xx_hal_cortex.o(i.HAL_NVIC_GetPriorityGrouping), (16 bytes).
    Removing stm32f1xx_hal_cortex.o(i.HAL_NVIC_SetPendingIRQ), (22 bytes).
    Removing stm32f1xx_hal_cortex.o(i.HAL_NVIC_SystemReset), (36 bytes).
    Removing stm32f1xx_hal_gpio_ex.o(.rev16_text), (4 bytes).
    Removing stm32f1xx_hal_gpio_ex.o(.revsh_text), (4 bytes).
    Removing stm32f1xx_hal_gpio_ex.o(.rrx_text), (6 bytes).
    Removing stm32f1xx_hal_gpio_ex.o(i.HAL_GPIOEx_ConfigEventout), (20 bytes).
    Removing stm32f1xx_hal_gpio_ex.o(i.HAL_GPIOEx_DisableEventout), (16 bytes).
    Removing stm32f1xx_hal_gpio_ex.o(i.HAL_GPIOEx_EnableEventout), (16 bytes).
    Removing stm32f1xx_hal_rcc_ex.o(.rev16_text), (4 bytes).
    Removing stm32f1xx_hal_rcc_ex.o(.revsh_text), (4 bytes).
    Removing stm32f1xx_hal_rcc_ex.o(.rrx_text), (6 bytes).
    Removing stm32f1xx_hal_rcc_ex.o(i.HAL_RCCEx_GetPeriphCLKConfig), (44 bytes).
    Removing stm32f1xx_hal_flash_ex.o(.rev16_text), (4 bytes).
    Removing stm32f1xx_hal_flash_ex.o(.revsh_text), (4 bytes).
    Removing stm32f1xx_hal_flash_ex.o(.rrx_text), (6 bytes).
    Removing stm32f1xx_hal_flash_ex.o(i.FLASH_MassErase), (36 bytes).
    Removing stm32f1xx_hal_flash_ex.o(i.FLASH_OB_DisableWRP), (176 bytes).
    Removing stm32f1xx_hal_flash_ex.o(i.FLASH_OB_EnableWRP), (176 bytes).
    Removing stm32f1xx_hal_flash_ex.o(i.FLASH_OB_GetRDP), (24 bytes).
    Removing stm32f1xx_hal_flash_ex.o(i.FLASH_OB_RDP_LevelConfig), (100 bytes).
    Removing stm32f1xx_hal_flash_ex.o(i.FLASH_PageErase), (36 bytes).
    Removing stm32f1xx_hal_flash_ex.o(i.HAL_FLASHEx_Erase), (168 bytes).
    Removing stm32f1xx_hal_flash_ex.o(i.HAL_FLASHEx_Erase_IT), (84 bytes).
    Removing stm32f1xx_hal_flash_ex.o(i.HAL_FLASHEx_OBErase), (84 bytes).
    Removing stm32f1xx_hal_flash_ex.o(i.HAL_FLASHEx_OBGetConfig), (36 bytes).
    Removing stm32f1xx_hal_flash_ex.o(i.HAL_FLASHEx_OBGetUserData), (32 bytes).
    Removing stm32f1xx_hal_flash_ex.o(i.HAL_FLASHEx_OBProgram), (200 bytes).
    Removing startup_stm32f103xb.o(HEAP), (512 bytes).
    Removing dma.o(.rev16_text), (4 bytes).
    Removing dma.o(.revsh_text), (4 bytes).
    Removing dma.o(.rrx_text), (6 bytes).
    Removing gpio.o(.rev16_text), (4 bytes).
    Removing gpio.o(.revsh_text), (4 bytes).
    Removing gpio.o(.rrx_text), (6 bytes).
    Removing tim.o(.rev16_text), (4 bytes).
    Removing tim.o(.revsh_text), (4 bytes).
    Removing tim.o(.rrx_text), (6 bytes).
    Removing tim.o(i.HAL_TIM_Base_MspDeInit), (36 bytes).
    Removing tim.o(i.HAL_TIM_PWM_MspDeInit), (44 bytes).
    Removing adc.o(.rev16_text), (4 bytes).
    Removing adc.o(.revsh_text), (4 bytes).
    Removing adc.o(.rrx_text), (6 bytes).
    Removing adc.o(i.HAL_ADC_MspDeInit), (68 bytes).
    Removing adc.o(i.updateRef), (2 bytes).
    Removing adc.o(.constdata), (4 bytes).
    Removing adc.o(.data), (4 bytes).
    Removing adc.o(.data), (4 bytes).
    Removing adc.o(.data), (4 bytes).
    Removing adc.o(.data), (4 bytes).
    Removing adc.o(.data), (4 bytes).
    Removing main.o(.rev16_text), (4 bytes).
    Removing main.o(.revsh_text), (4 bytes).
    Removing main.o(.rrx_text), (6 bytes).
    Removing i2c.o(.rev16_text), (4 bytes).
    Removing i2c.o(.revsh_text), (4 bytes).
    Removing i2c.o(.rrx_text), (6 bytes).
    Removing i2c.o(i.HAL_I2C_MspDeInit), (60 bytes).
    Removing stm32f1xx_hal_msp.o(.rev16_text), (4 bytes).
    Removing stm32f1xx_hal_msp.o(.revsh_text), (4 bytes).
    Removing stm32f1xx_hal_msp.o(.rrx_text), (6 bytes).
    Removing stm32f1xx_it.o(.rev16_text), (4 bytes).
    Removing stm32f1xx_it.o(.revsh_text), (4 bytes).
    Removing stm32f1xx_it.o(.rrx_text), (6 bytes).
    Removing system_stm32f1xx.o(.rev16_text), (4 bytes).
    Removing system_stm32f1xx.o(.revsh_text), (4 bytes).
    Removing system_stm32f1xx.o(.rrx_text), (6 bytes).
    Removing system_stm32f1xx.o(i.SystemCoreClockUpdate), (104 bytes).
    Removing arm_add_f32.o(.rev16_text), (4 bytes).
    Removing arm_add_f32.o(.revsh_text), (4 bytes).
    Removing arm_add_f32.o(.rrx_text), (6 bytes).
    Removing arm_dot_prod_f32.o(.rev16_text), (4 bytes).
    Removing arm_dot_prod_f32.o(.revsh_text), (4 bytes).
    Removing arm_dot_prod_f32.o(.rrx_text), (6 bytes).
    Removing arm_scale_f32.o(.rev16_text), (4 bytes).
    Removing arm_scale_f32.o(.revsh_text), (4 bytes).
    Removing arm_scale_f32.o(.rrx_text), (6 bytes).
    Removing arm_mat_init_f32.o(.rev16_text), (4 bytes).
    Removing arm_mat_init_f32.o(.revsh_text), (4 bytes).
    Removing arm_mat_init_f32.o(.rrx_text), (6 bytes).
    Removing arm_mat_mult_f32.o(.rev16_text), (4 bytes).
    Removing arm_mat_mult_f32.o(.revsh_text), (4 bytes).
    Removing arm_mat_mult_f32.o(.rrx_text), (6 bytes).
    Removing arm_mat_scale_f32.o(.rev16_text), (4 bytes).
    Removing arm_mat_scale_f32.o(.revsh_text), (4 bytes).
    Removing arm_mat_scale_f32.o(.rrx_text), (6 bytes).
    Removing arm_mat_sub_f32.o(.rev16_text), (4 bytes).
    Removing arm_mat_sub_f32.o(.revsh_text), (4 bytes).
    Removing arm_mat_sub_f32.o(.rrx_text), (6 bytes).

390 unused section(s) (total 25634 bytes) removed from the image.

==============================================================================

Image Symbol Table

    Local Symbols

    Symbol Name                              Value     Ov Type        Size  Object(Section)

    ../Drivers/STM32F1xx_HAL_Driver/Src/stm32f1xx_hal.c 0x00000000   Number         0  stm32f1xx_hal.o ABSOLUTE
    ../Drivers/STM32F1xx_HAL_Driver/Src/stm32f1xx_hal_adc.c 0x00000000   Number         0  stm32f1xx_hal_adc.o ABSOLUTE
    ../Drivers/STM32F1xx_HAL_Driver/Src/stm32f1xx_hal_adc_ex.c 0x00000000   Number         0  stm32f1xx_hal_adc_ex.o ABSOLUTE
    ../Drivers/STM32F1xx_HAL_Driver/Src/stm32f1xx_hal_cortex.c 0x00000000   Number         0  stm32f1xx_hal_cortex.o ABSOLUTE
    ../Drivers/STM32F1xx_HAL_Driver/Src/stm32f1xx_hal_dma.c 0x00000000   Number         0  stm32f1xx_hal_dma.o ABSOLUTE
    ../Drivers/STM32F1xx_HAL_Driver/Src/stm32f1xx_hal_flash.c 0x00000000   Number         0  stm32f1xx_hal_flash.o ABSOLUTE
    ../Drivers/STM32F1xx_HAL_Driver/Src/stm32f1xx_hal_flash_ex.c 0x00000000   Number         0  stm32f1xx_hal_flash_ex.o ABSOLUTE
    ../Drivers/STM32F1xx_HAL_Driver/Src/stm32f1xx_hal_gpio.c 0x00000000   Number         0  stm32f1xx_hal_gpio.o ABSOLUTE
    ../Drivers/STM32F1xx_HAL_Driver/Src/stm32f1xx_hal_gpio_ex.c 0x00000000   Number         0  stm32f1xx_hal_gpio_ex.o ABSOLUTE
    ../Drivers/STM32F1xx_HAL_Driver/Src/stm32f1xx_hal_i2c.c 0x00000000   Number         0  stm32f1xx_hal_i2c.o ABSOLUTE
    ../Drivers/STM32F1xx_HAL_Driver/Src/stm32f1xx_hal_pwr.c 0x00000000   Number         0  stm32f1xx_hal_pwr.o ABSOLUTE
    ../Drivers/STM32F1xx_HAL_Driver/Src/stm32f1xx_hal_rcc.c 0x00000000   Number         0  stm32f1xx_hal_rcc.o ABSOLUTE
    ../Drivers/STM32F1xx_HAL_Driver/Src/stm32f1xx_hal_rcc_ex.c 0x00000000   Number         0  stm32f1xx_hal_rcc_ex.o ABSOLUTE
    ../Drivers/STM32F1xx_HAL_Driver/Src/stm32f1xx_hal_tim.c 0x00000000   Number         0  stm32f1xx_hal_tim.o ABSOLUTE
    ../Drivers/STM32F1xx_HAL_Driver/Src/stm32f1xx_hal_tim_ex.c 0x00000000   Number         0  stm32f1xx_hal_tim_ex.o ABSOLUTE
    ../Src/adc.c                             0x00000000   Number         0  adc.o ABSOLUTE
    ../Src/dma.c                             0x00000000   Number         0  dma.o ABSOLUTE
    ../Src/gpio.c                            0x00000000   Number         0  gpio.o ABSOLUTE
    ../Src/i2c.c                             0x00000000   Number         0  i2c.o ABSOLUTE
    ../Src/main.c                            0x00000000   Number         0  main.o ABSOLUTE
    ../Src/stm32f1xx_hal_msp.c               0x00000000   Number         0  stm32f1xx_hal_msp.o ABSOLUTE
    ../Src/stm32f1xx_it.c                    0x00000000   Number         0  stm32f1xx_it.o ABSOLUTE
    ../Src/system_stm32f1xx.c                0x00000000   Number         0  system_stm32f1xx.o ABSOLUTE
    ../Src/tim.c                             0x00000000   Number         0  tim.o ABSOLUTE
    ../clib/../cmprslib/zerorunl2.c          0x00000000   Number         0  __dczerorl2.o ABSOLUTE
    ../clib/microlib/init/entry.s            0x00000000   Number         0  entry5.o ABSOLUTE
    ../clib/microlib/init/entry.s            0x00000000   Number         0  entry7a.o ABSOLUTE
    ../clib/microlib/init/entry.s            0x00000000   Number         0  entry10b.o ABSOLUTE
    ../clib/microlib/init/entry.s            0x00000000   Number         0  entry11a.o ABSOLUTE
    ../clib/microlib/init/entry.s            0x00000000   Number         0  entry2.o ABSOLUTE
    ../clib/microlib/init/entry.s            0x00000000   Number         0  entry.o ABSOLUTE
    ../clib/microlib/init/entry.s            0x00000000   Number         0  entry10a.o ABSOLUTE
    ../clib/microlib/init/entry.s            0x00000000   Number         0  entry9b.o ABSOLUTE
    ../clib/microlib/init/entry.s            0x00000000   Number         0  entry9a.o ABSOLUTE
    ../clib/microlib/init/entry.s            0x00000000   Number         0  entry8b.o ABSOLUTE
    ../clib/microlib/init/entry.s            0x00000000   Number         0  entry11b.o ABSOLUTE
    ../clib/microlib/init/entry.s            0x00000000   Number         0  entry8a.o ABSOLUTE
    ../clib/microlib/init/entry.s            0x00000000   Number         0  entry7b.o ABSOLUTE
    ../clib/microlib/longlong.c              0x00000000   Number         0  llushr.o ABSOLUTE
    ../clib/microlib/longlong.c              0x00000000   Number         0  llshl.o ABSOLUTE
    ../clib/microlib/longlong.c              0x00000000   Number         0  llsshr.o ABSOLUTE
    ../clib/microlib/stubs.s                 0x00000000   Number         0  iusefp.o ABSOLUTE
    ../fplib/microlib/d2f.c                  0x00000000   Number         0  d2f.o ABSOLUTE
    ../fplib/microlib/f2d.c                  0x00000000   Number         0  f2d.o ABSOLUTE
    ../fplib/microlib/fpadd.c                0x00000000   Number         0  dadd.o ABSOLUTE
    ../fplib/microlib/fpadd.c                0x00000000   Number         0  fadd.o ABSOLUTE
    ../fplib/microlib/fpdiv.c                0x00000000   Number         0  fdiv.o ABSOLUTE
    ../fplib/microlib/fpdiv.c                0x00000000   Number         0  ddiv.o ABSOLUTE
    ../fplib/microlib/fpepilogue.c           0x00000000   Number         0  fepilogue.o ABSOLUTE
    ../fplib/microlib/fpepilogue.c           0x00000000   Number         0  depilogue.o ABSOLUTE
    ../fplib/microlib/fpfix.c                0x00000000   Number         0  dfixui.o ABSOLUTE
    ../fplib/microlib/fpfix.c                0x00000000   Number         0  ffixi.o ABSOLUTE
    ../fplib/microlib/fpflt.c                0x00000000   Number         0  dfltui.o ABSOLUTE
    ../fplib/microlib/fpflt.c                0x00000000   Number         0  ffltui.o ABSOLUTE
    ../fplib/microlib/fpflt.c                0x00000000   Number         0  dflti.o ABSOLUTE
    ../fplib/microlib/fpmul.c                0x00000000   Number         0  fmul.o ABSOLUTE
    ../fplib/microlib/fpmul.c                0x00000000   Number         0  dmul.o ABSOLUTE
    ../fplib/microlib/fpscalb.c              0x00000000   Number         0  fscalb.o ABSOLUTE
    ../fplib/microlib/fpscalb.c              0x00000000   Number         0  dscalb.o ABSOLUTE
    ..\..\Source\BasicMathFunctions\arm_add_f32.c 0x00000000   Number         0  arm_add_f32.o ABSOLUTE
    ..\..\Source\BasicMathFunctions\arm_dot_prod_f32.c 0x00000000   Number         0  arm_dot_prod_f32.o ABSOLUTE
    ..\..\Source\BasicMathFunctions\arm_scale_f32.c 0x00000000   Number         0  arm_scale_f32.o ABSOLUTE
    ..\..\Source\MatrixFunctions\arm_mat_init_f32.c 0x00000000   Number         0  arm_mat_init_f32.o ABSOLUTE
    ..\..\Source\MatrixFunctions\arm_mat_mult_f32.c 0x00000000   Number         0  arm_mat_mult_f32.o ABSOLUTE
    ..\..\Source\MatrixFunctions\arm_mat_scale_f32.c 0x00000000   Number         0  arm_mat_scale_f32.o ABSOLUTE
    ..\..\Source\MatrixFunctions\arm_mat_sub_f32.c 0x00000000   Number         0  arm_mat_sub_f32.o ABSOLUTE
    ..\Drivers\STM32F1xx_HAL_Driver\Src\stm32f1xx_hal.c 0x00000000   Number         0  stm32f1xx_hal.o ABSOLUTE
    ..\Drivers\STM32F1xx_HAL_Driver\Src\stm32f1xx_hal_adc.c 0x00000000   Number         0  stm32f1xx_hal_adc.o ABSOLUTE
    ..\Drivers\STM32F1xx_HAL_Driver\Src\stm32f1xx_hal_adc_ex.c 0x00000000   Number         0  stm32f1xx_hal_adc_ex.o ABSOLUTE
    ..\Drivers\STM32F1xx_HAL_Driver\Src\stm32f1xx_hal_cortex.c 0x00000000   Number         0  stm32f1xx_hal_cortex.o ABSOLUTE
    ..\Drivers\STM32F1xx_HAL_Driver\Src\stm32f1xx_hal_dma.c 0x00000000   Number         0  stm32f1xx_hal_dma.o ABSOLUTE
    ..\Drivers\STM32F1xx_HAL_Driver\Src\stm32f1xx_hal_flash.c 0x00000000   Number         0  stm32f1xx_hal_flash.o ABSOLUTE
    ..\Drivers\STM32F1xx_HAL_Driver\Src\stm32f1xx_hal_flash_ex.c 0x00000000   Number         0  stm32f1xx_hal_flash_ex.o ABSOLUTE
    ..\Drivers\STM32F1xx_HAL_Driver\Src\stm32f1xx_hal_gpio.c 0x00000000   Number         0  stm32f1xx_hal_gpio.o ABSOLUTE
    ..\Drivers\STM32F1xx_HAL_Driver\Src\stm32f1xx_hal_gpio_ex.c 0x00000000   Number         0  stm32f1xx_hal_gpio_ex.o ABSOLUTE
    ..\Drivers\STM32F1xx_HAL_Driver\Src\stm32f1xx_hal_i2c.c 0x00000000   Number         0  stm32f1xx_hal_i2c.o ABSOLUTE
    ..\Drivers\STM32F1xx_HAL_Driver\Src\stm32f1xx_hal_pwr.c 0x00000000   Number         0  stm32f1xx_hal_pwr.o ABSOLUTE
    ..\Drivers\STM32F1xx_HAL_Driver\Src\stm32f1xx_hal_rcc.c 0x00000000   Number         0  stm32f1xx_hal_rcc.o ABSOLUTE
    ..\Drivers\STM32F1xx_HAL_Driver\Src\stm32f1xx_hal_rcc_ex.c 0x00000000   Number         0  stm32f1xx_hal_rcc_ex.o ABSOLUTE
    ..\Drivers\STM32F1xx_HAL_Driver\Src\stm32f1xx_hal_tim.c 0x00000000   Number         0  stm32f1xx_hal_tim.o ABSOLUTE
    ..\Drivers\STM32F1xx_HAL_Driver\Src\stm32f1xx_hal_tim_ex.c 0x00000000   Number         0  stm32f1xx_hal_tim_ex.o ABSOLUTE
    ..\Src\adc.c                             0x00000000   Number         0  adc.o ABSOLUTE
    ..\Src\dma.c                             0x00000000   Number         0  dma.o ABSOLUTE
    ..\Src\gpio.c                            0x00000000   Number         0  gpio.o ABSOLUTE
    ..\Src\i2c.c                             0x00000000   Number         0  i2c.o ABSOLUTE
    ..\Src\main.c                            0x00000000   Number         0  main.o ABSOLUTE
    ..\Src\stm32f1xx_hal_msp.c               0x00000000   Number         0  stm32f1xx_hal_msp.o ABSOLUTE
    ..\Src\stm32f1xx_it.c                    0x00000000   Number         0  stm32f1xx_it.o ABSOLUTE
    ..\Src\system_stm32f1xx.c                0x00000000   Number         0  system_stm32f1xx.o ABSOLUTE
    ..\Src\tim.c                             0x00000000   Number         0  tim.o ABSOLUTE
    ..\\..\\Source\\BasicMathFunctions\\arm_add_f32.c 0x00000000   Number         0  arm_add_f32.o ABSOLUTE
    ..\\..\\Source\\BasicMathFunctions\\arm_dot_prod_f32.c 0x00000000   Number         0  arm_dot_prod_f32.o ABSOLUTE
    ..\\..\\Source\\BasicMathFunctions\\arm_scale_f32.c 0x00000000   Number         0  arm_scale_f32.o ABSOLUTE
    ..\\..\\Source\\MatrixFunctions\\arm_mat_init_f32.c 0x00000000   Number         0  arm_mat_init_f32.o ABSOLUTE
    ..\\..\\Source\\MatrixFunctions\\arm_mat_mult_f32.c 0x00000000   Number         0  arm_mat_mult_f32.o ABSOLUTE
    ..\\..\\Source\\MatrixFunctions\\arm_mat_scale_f32.c 0x00000000   Number         0  arm_mat_scale_f32.o ABSOLUTE
    ..\\..\\Source\\MatrixFunctions\\arm_mat_sub_f32.c 0x00000000   Number         0  arm_mat_sub_f32.o ABSOLUTE
    dc.s                                     0x00000000   Number         0  dc.o ABSOLUTE
    handlers.s                               0x00000000   Number         0  handlers.o ABSOLUTE
    init.s                                   0x00000000   Number         0  init.o ABSOLUTE
    startup_stm32f103xb.s                    0x00000000   Number         0  startup_stm32f103xb.o ABSOLUTE
    RESET                                    0x08000000   Section      236  startup_stm32f103xb.o(RESET)
    .ARM.Collect$$$$00000000                 0x080000ec   Section        0  entry.o(.ARM.Collect$$$$00000000)
    .ARM.Collect$$$$00000001                 0x080000ec   Section        4  entry2.o(.ARM.Collect$$$$00000001)
    .ARM.Collect$$$$00000004                 0x080000f0   Section        4  entry5.o(.ARM.Collect$$$$00000004)
    .ARM.Collect$$$$00000008                 0x080000f4   Section        0  entry7b.o(.ARM.Collect$$$$00000008)
    .ARM.Collect$$$$0000000A                 0x080000f4   Section        0  entry8b.o(.ARM.Collect$$$$0000000A)
    .ARM.Collect$$$$0000000B                 0x080000f4   Section        8  entry9a.o(.ARM.Collect$$$$0000000B)
    .ARM.Collect$$$$0000000D                 0x080000fc   Section        0  entry10a.o(.ARM.Collect$$$$0000000D)
    .ARM.Collect$$$$0000000F                 0x080000fc   Section        0  entry11a.o(.ARM.Collect$$$$0000000F)
    .ARM.Collect$$$$00002712                 0x080000fc   Section        4  entry2.o(.ARM.Collect$$$$00002712)
    __lit__00000000                          0x080000fc   Data           4  entry2.o(.ARM.Collect$$$$00002712)
    .text                                    0x08000100   Section       36  startup_stm32f103xb.o(.text)
    .text                                    0x08000124   Section        0  arm_add_f32.o(.text)
    .text                                    0x080001ae   Section        0  arm_dot_prod_f32.o(.text)
    .text                                    0x08000240   Section        0  arm_scale_f32.o(.text)
    .text                                    0x080002b8   Section        0  arm_mat_init_f32.o(.text)
    .text                                    0x080002c0   Section        0  arm_mat_mult_f32.o(.text)
    .text                                    0x080003b4   Section        0  arm_mat_scale_f32.o(.text)
    .text                                    0x0800043a   Section        0  arm_mat_sub_f32.o(.text)
    .text                                    0x080004d6   Section        0  llushr.o(.text)
    .text                                    0x080004f6   Section        0  fadd.o(.text)
    .text                                    0x080005a6   Section        0  fmul.o(.text)
    .text                                    0x0800060a   Section        0  fdiv.o(.text)
    .text                                    0x08000686   Section        0  fscalb.o(.text)
    .text                                    0x0800069e   Section        0  dadd.o(.text)
    .text                                    0x080007ec   Section        0  dmul.o(.text)
    .text                                    0x080008d0   Section        0  ddiv.o(.text)
    .text                                    0x080009ae   Section        0  dscalb.o(.text)
    .text                                    0x080009dc   Section        0  ffltui.o(.text)
    .text                                    0x080009e6   Section        0  dflti.o(.text)
    .text                                    0x08000a08   Section        0  dfltui.o(.text)
    .text                                    0x08000a22   Section        0  ffixi.o(.text)
    .text                                    0x08000a54   Section        0  dfixui.o(.text)
    .text                                    0x08000a86   Section        0  f2d.o(.text)
    .text                                    0x08000aac   Section        0  d2f.o(.text)
    .text                                    0x08000ae4   Section        0  llshl.o(.text)
    .text                                    0x08000b02   Section        0  llsshr.o(.text)
    .text                                    0x08000b26   Section        0  iusefp.o(.text)
    .text                                    0x08000b26   Section        0  fepilogue.o(.text)
    .text                                    0x08000b94   Section        0  depilogue.o(.text)
    .text                                    0x08000c50   Section       36  init.o(.text)
    .text                                    0x08000c74   Section        0  __dczerorl2.o(.text)
    i.ADC_ConversionStop_Disable             0x08000ccc   Section        0  stm32f1xx_hal_adc.o(i.ADC_ConversionStop_Disable)
    i.ADC_DMAConvCplt                        0x08000d18   Section        0  stm32f1xx_hal_adc.o(i.ADC_DMAConvCplt)
    i.ADC_DMAError                           0x08000d66   Section        0  stm32f1xx_hal_adc.o(i.ADC_DMAError)
    i.ADC_DMAHalfConvCplt                    0x08000d80   Section        0  stm32f1xx_hal_adc.o(i.ADC_DMAHalfConvCplt)
    i.ADC_Enable                             0x08000d8c   Section        0  stm32f1xx_hal_adc.o(i.ADC_Enable)
    i.BusFault_Handler                       0x08000dfc   Section        0  stm32f1xx_it.o(i.BusFault_Handler)
    i.DMA1_Channel1_IRQHandler               0x08000e00   Section        0  stm32f1xx_it.o(i.DMA1_Channel1_IRQHandler)
    i.DMA_SetConfig                          0x08000e0c   Section        0  stm32f1xx_hal_dma.o(i.DMA_SetConfig)
    DMA_SetConfig                            0x08000e0d   Thumb Code    42  stm32f1xx_hal_dma.o(i.DMA_SetConfig)
    i.DebugMon_Handler                       0x08000e36   Section        0  stm32f1xx_it.o(i.DebugMon_Handler)
    i.HAL_ADCEx_Calibration_Start            0x08000e38   Section        0  stm32f1xx_hal_adc_ex.o(i.HAL_ADCEx_Calibration_Start)
    i.HAL_ADC_ConfigChannel                  0x08000f00   Section        0  stm32f1xx_hal_adc.o(i.HAL_ADC_ConfigChannel)
    i.HAL_ADC_ConvCpltCallback               0x08000ffc   Section        0  adc.o(i.HAL_ADC_ConvCpltCallback)
    i.HAL_ADC_ConvHalfCpltCallback           0x0800106c   Section        0  stm32f1xx_hal_adc.o(i.HAL_ADC_ConvHalfCpltCallback)
    i.HAL_ADC_ErrorCallback                  0x0800106e   Section        0  stm32f1xx_hal_adc.o(i.HAL_ADC_ErrorCallback)
    i.HAL_ADC_Init                           0x08001070   Section        0  stm32f1xx_hal_adc.o(i.HAL_ADC_Init)
    i.HAL_ADC_MspInit                        0x0800118c   Section        0  adc.o(i.HAL_ADC_MspInit)
    i.HAL_ADC_Start_DMA                      0x08001228   Section        0  stm32f1xx_hal_adc.o(i.HAL_ADC_Start_DMA)
    i.HAL_DMA_Abort_IT                       0x08001334   Section        0  stm32f1xx_hal_dma.o(i.HAL_DMA_Abort_IT)
    i.HAL_DMA_IRQHandler                     0x080013cc   Section        0  stm32f1xx_hal_dma.o(i.HAL_DMA_IRQHandler)
    i.HAL_DMA_Init                           0x08001520   Section        0  stm32f1xx_hal_dma.o(i.HAL_DMA_Init)
    i.HAL_DMA_Start_IT                       0x08001584   Section        0  stm32f1xx_hal_dma.o(i.HAL_DMA_Start_IT)
    i.HAL_Delay                              0x080015f4   Section        0  stm32f1xx_hal.o(i.HAL_Delay)
    i.HAL_GPIO_Init                          0x08001618   Section        0  stm32f1xx_hal_gpio.o(i.HAL_GPIO_Init)
    i.HAL_GPIO_TogglePin                     0x080017d4   Section        0  stm32f1xx_hal_gpio.o(i.HAL_GPIO_TogglePin)
    i.HAL_GPIO_WritePin                      0x080017dc   Section        0  stm32f1xx_hal_gpio.o(i.HAL_GPIO_WritePin)
    i.HAL_GetTick                            0x080017e8   Section        0  stm32f1xx_hal.o(i.HAL_GetTick)
    i.HAL_I2C_AbortCpltCallback              0x080017f4   Section        0  stm32f1xx_hal_i2c.o(i.HAL_I2C_AbortCpltCallback)
    i.HAL_I2C_AddrCallback                   0x080017f6   Section        0  stm32f1xx_hal_i2c.o(i.HAL_I2C_AddrCallback)
    i.HAL_I2C_ER_IRQHandler                  0x080017f8   Section        0  stm32f1xx_hal_i2c.o(i.HAL_I2C_ER_IRQHandler)
    i.HAL_I2C_EV_IRQHandler                  0x080018c8   Section        0  stm32f1xx_hal_i2c.o(i.HAL_I2C_EV_IRQHandler)
    i.HAL_I2C_ErrorCallback                  0x08001ab8   Section        0  i2c.o(i.HAL_I2C_ErrorCallback)
    i.HAL_I2C_GetState                       0x08001abc   Section        0  stm32f1xx_hal_i2c.o(i.HAL_I2C_GetState)
    i.HAL_I2C_Init                           0x08001ac4   Section        0  stm32f1xx_hal_i2c.o(i.HAL_I2C_Init)
    i.HAL_I2C_ListenCpltCallback             0x08001c04   Section        0  stm32f1xx_hal_i2c.o(i.HAL_I2C_ListenCpltCallback)
    i.HAL_I2C_MasterRxCpltCallback           0x08001c06   Section        0  stm32f1xx_hal_i2c.o(i.HAL_I2C_MasterRxCpltCallback)
    i.HAL_I2C_MasterTxCpltCallback           0x08001c08   Section        0  stm32f1xx_hal_i2c.o(i.HAL_I2C_MasterTxCpltCallback)
    i.HAL_I2C_MemRxCpltCallback              0x08001c0a   Section        0  stm32f1xx_hal_i2c.o(i.HAL_I2C_MemRxCpltCallback)
    i.HAL_I2C_MemTxCpltCallback              0x08001c0c   Section        0  stm32f1xx_hal_i2c.o(i.HAL_I2C_MemTxCpltCallback)
    i.HAL_I2C_MspInit                        0x08001c10   Section        0  i2c.o(i.HAL_I2C_MspInit)
    i.HAL_I2C_SlaveRxCpltCallback            0x08001c74   Section        0  i2c.o(i.HAL_I2C_SlaveRxCpltCallback)
    i.HAL_I2C_SlaveTxCpltCallback            0x08001d2c   Section        0  i2c.o(i.HAL_I2C_SlaveTxCpltCallback)
    i.HAL_I2C_Slave_Receive_IT               0x08001d54   Section        0  stm32f1xx_hal_i2c.o(i.HAL_I2C_Slave_Receive_IT)
    i.HAL_I2C_Slave_Transmit_IT              0x08001e08   Section        0  stm32f1xx_hal_i2c.o(i.HAL_I2C_Slave_Transmit_IT)
    i.HAL_IncTick                            0x08001ec0   Section        0  stm32f1xx_hal.o(i.HAL_IncTick)
    i.HAL_Init                               0x08001ed0   Section        0  stm32f1xx_hal.o(i.HAL_Init)
    i.HAL_InitTick                           0x08001ef4   Section        0  stm32f1xx_hal.o(i.HAL_InitTick)
    i.HAL_MspInit                            0x08001f34   Section        0  stm32f1xx_hal_msp.o(i.HAL_MspInit)
    i.HAL_NVIC_EnableIRQ                     0x08001fb4   Section        0  stm32f1xx_hal_cortex.o(i.HAL_NVIC_EnableIRQ)
    i.HAL_NVIC_SetPriority                   0x08001fcc   Section        0  stm32f1xx_hal_cortex.o(i.HAL_NVIC_SetPriority)
    i.HAL_NVIC_SetPriorityGrouping           0x0800200c   Section        0  stm32f1xx_hal_cortex.o(i.HAL_NVIC_SetPriorityGrouping)
    i.HAL_RCCEx_GetPeriphCLKFreq             0x08002030   Section        0  stm32f1xx_hal_rcc_ex.o(i.HAL_RCCEx_GetPeriphCLKFreq)
    i.HAL_RCCEx_PeriphCLKConfig              0x080020f8   Section        0  stm32f1xx_hal_rcc_ex.o(i.HAL_RCCEx_PeriphCLKConfig)
    i.HAL_RCC_ClockConfig                    0x080021e4   Section        0  stm32f1xx_hal_rcc.o(i.HAL_RCC_ClockConfig)
    i.HAL_RCC_GetHCLKFreq                    0x08002338   Section        0  stm32f1xx_hal_rcc.o(i.HAL_RCC_GetHCLKFreq)
    i.HAL_RCC_GetPCLK1Freq                   0x08002344   Section        0  stm32f1xx_hal_rcc.o(i.HAL_RCC_GetPCLK1Freq)
    i.HAL_RCC_GetPCLK2Freq                   0x08002364   Section        0  stm32f1xx_hal_rcc.o(i.HAL_RCC_GetPCLK2Freq)
    i.HAL_RCC_GetSysClockFreq                0x08002384   Section        0  stm32f1xx_hal_rcc.o(i.HAL_RCC_GetSysClockFreq)
    i.HAL_RCC_OscConfig                      0x080023f0   Section        0  stm32f1xx_hal_rcc.o(i.HAL_RCC_OscConfig)
    i.HAL_SYSTICK_CLKSourceConfig            0x080026f4   Section        0  stm32f1xx_hal_cortex.o(i.HAL_SYSTICK_CLKSourceConfig)
    i.HAL_SYSTICK_Callback                   0x0800270c   Section        0  stm32f1xx_hal_cortex.o(i.HAL_SYSTICK_Callback)
    i.HAL_SYSTICK_Config                     0x0800270e   Section        0  stm32f1xx_hal_cortex.o(i.HAL_SYSTICK_Config)
    i.HAL_SYSTICK_IRQHandler                 0x08002736   Section        0  stm32f1xx_hal_cortex.o(i.HAL_SYSTICK_IRQHandler)
    i.HAL_TIMEx_BreakCallback                0x0800273e   Section        0  stm32f1xx_hal_tim_ex.o(i.HAL_TIMEx_BreakCallback)
    i.HAL_TIMEx_CommutationCallback          0x08002740   Section        0  stm32f1xx_hal_tim_ex.o(i.HAL_TIMEx_CommutationCallback)
    i.HAL_TIMEx_ConfigBreakDeadTime          0x08002742   Section        0  stm32f1xx_hal_tim_ex.o(i.HAL_TIMEx_ConfigBreakDeadTime)
    i.HAL_TIMEx_MasterConfigSynchronization  0x0800279c   Section        0  stm32f1xx_hal_tim_ex.o(i.HAL_TIMEx_MasterConfigSynchronization)
    i.HAL_TIM_Base_Init                      0x080027ec   Section        0  stm32f1xx_hal_tim.o(i.HAL_TIM_Base_Init)
    i.HAL_TIM_Base_MspInit                   0x08002824   Section        0  tim.o(i.HAL_TIM_Base_MspInit)
    i.HAL_TIM_Base_Start_IT                  0x08002860   Section        0  stm32f1xx_hal_tim.o(i.HAL_TIM_Base_Start_IT)
    i.HAL_TIM_ConfigClockSource              0x08002878   Section        0  stm32f1xx_hal_tim.o(i.HAL_TIM_ConfigClockSource)
    i.HAL_TIM_IC_CaptureCallback             0x0800296a   Section        0  stm32f1xx_hal_tim.o(i.HAL_TIM_IC_CaptureCallback)
    i.HAL_TIM_IRQHandler                     0x0800296c   Section        0  stm32f1xx_hal_tim.o(i.HAL_TIM_IRQHandler)
    i.HAL_TIM_MspPostInit                    0x08002ad4   Section        0  tim.o(i.HAL_TIM_MspPostInit)
    i.HAL_TIM_OC_DelayElapsedCallback        0x08002b44   Section        0  stm32f1xx_hal_tim.o(i.HAL_TIM_OC_DelayElapsedCallback)
    i.HAL_TIM_PWM_ConfigChannel              0x08002b46   Section        0  stm32f1xx_hal_tim.o(i.HAL_TIM_PWM_ConfigChannel)
    i.HAL_TIM_PWM_Init                       0x08002c16   Section        0  stm32f1xx_hal_tim.o(i.HAL_TIM_PWM_Init)
    i.HAL_TIM_PWM_MspInit                    0x08002c4c   Section        0  tim.o(i.HAL_TIM_PWM_MspInit)
    i.HAL_TIM_PWM_PulseFinishedCallback      0x08002c88   Section        0  stm32f1xx_hal_tim.o(i.HAL_TIM_PWM_PulseFinishedCallback)
    i.HAL_TIM_PWM_Start                      0x08002c8c   Section        0  stm32f1xx_hal_tim.o(i.HAL_TIM_PWM_Start)
    i.HAL_TIM_PeriodElapsedCallback          0x08002cbc   Section        0  adc.o(i.HAL_TIM_PeriodElapsedCallback)
    i.HAL_TIM_TriggerCallback                0x08002cdc   Section        0  stm32f1xx_hal_tim.o(i.HAL_TIM_TriggerCallback)
    i.HardFault_Handler                      0x08002cde   Section        0  stm32f1xx_it.o(i.HardFault_Handler)
    i.I2C1_ER_IRQHandler                     0x08002ce0   Section        0  stm32f1xx_it.o(i.I2C1_ER_IRQHandler)
    i.I2C1_EV_IRQHandler                     0x08002cec   Section        0  stm32f1xx_it.o(i.I2C1_EV_IRQHandler)
    i.I2C_DMAAbort                           0x08002cf8   Section        0  stm32f1xx_hal_i2c.o(i.I2C_DMAAbort)
    I2C_DMAAbort                             0x08002cf9   Thumb Code    78  stm32f1xx_hal_i2c.o(i.I2C_DMAAbort)
    i.I2C_ITError                            0x08002d48   Section        0  stm32f1xx_hal_i2c.o(i.I2C_ITError)
    I2C_ITError                              0x08002d49   Thumb Code   284  stm32f1xx_hal_i2c.o(i.I2C_ITError)
    i.I2C_MasterReceive_BTF                  0x08002e6c   Section        0  stm32f1xx_hal_i2c.o(i.I2C_MasterReceive_BTF)
    I2C_MasterReceive_BTF                    0x08002e6d   Thumb Code   194  stm32f1xx_hal_i2c.o(i.I2C_MasterReceive_BTF)
    i.I2C_MasterReceive_RXNE                 0x08002f34   Section        0  stm32f1xx_hal_i2c.o(i.I2C_MasterReceive_RXNE)
    I2C_MasterReceive_RXNE                   0x08002f35   Thumb Code   174  stm32f1xx_hal_i2c.o(i.I2C_MasterReceive_RXNE)
    i.I2C_MasterTransmit_BTF                 0x08002fe2   Section        0  stm32f1xx_hal_i2c.o(i.I2C_MasterTransmit_BTF)
    I2C_MasterTransmit_BTF                   0x08002fe3   Thumb Code   128  stm32f1xx_hal_i2c.o(i.I2C_MasterTransmit_BTF)
    i.I2C_MasterTransmit_TXE                 0x08003064   Section        0  stm32f1xx_hal_i2c.o(i.I2C_MasterTransmit_TXE)
    I2C_MasterTransmit_TXE                   0x08003065   Thumb Code   264  stm32f1xx_hal_i2c.o(i.I2C_MasterTransmit_TXE)
    i.I2C_Master_ADDR                        0x0800316c   Section        0  stm32f1xx_hal_i2c.o(i.I2C_Master_ADDR)
    I2C_Master_ADDR                          0x0800316d   Thumb Code   282  stm32f1xx_hal_i2c.o(i.I2C_Master_ADDR)
    i.I2C_Master_SB                          0x08003286   Section        0  stm32f1xx_hal_i2c.o(i.I2C_Master_SB)
    I2C_Master_SB                            0x08003287   Thumb Code    90  stm32f1xx_hal_i2c.o(i.I2C_Master_SB)
    i.I2C_Slave_AF                           0x080032e0   Section        0  stm32f1xx_hal_i2c.o(i.I2C_Slave_AF)
    I2C_Slave_AF                             0x080032e1   Thumb Code   128  stm32f1xx_hal_i2c.o(i.I2C_Slave_AF)
    i.I2C_Slave_STOPF                        0x08003364   Section        0  stm32f1xx_hal_i2c.o(i.I2C_Slave_STOPF)
    I2C_Slave_STOPF                          0x08003365   Thumb Code   214  stm32f1xx_hal_i2c.o(i.I2C_Slave_STOPF)
    i.MX_ADC1_Init                           0x08003440   Section        0  adc.o(i.MX_ADC1_Init)
    i.MX_DMA_Init                            0x08003560   Section        0  dma.o(i.MX_DMA_Init)
    i.MX_GPIO_Init                           0x0800358c   Section        0  gpio.o(i.MX_GPIO_Init)
    i.MX_I2C1_Init                           0x08003604   Section        0  i2c.o(i.MX_I2C1_Init)
    i.MX_TIM1_Init                           0x08003658   Section        0  tim.o(i.MX_TIM1_Init)
    i.MX_TIM2_Init                           0x08003740   Section        0  tim.o(i.MX_TIM2_Init)
    i.MX_TIM4_Init                           0x080037f8   Section        0  tim.o(i.MX_TIM4_Init)
    i.MemManage_Handler                      0x08003870   Section        0  stm32f1xx_it.o(i.MemManage_Handler)
    i.NMI_Handler                            0x08003872   Section        0  stm32f1xx_it.o(i.NMI_Handler)
    i.NVIC_SetPriority                       0x08003874   Section        0  stm32f1xx_hal_cortex.o(i.NVIC_SetPriority)
    NVIC_SetPriority                         0x08003875   Thumb Code    32  stm32f1xx_hal_cortex.o(i.NVIC_SetPriority)
    i.PendSV_Handler                         0x08003894   Section        0  stm32f1xx_it.o(i.PendSV_Handler)
    i.SVC_Handler                            0x08003896   Section        0  stm32f1xx_it.o(i.SVC_Handler)
    i.SysTick_Handler                        0x08003898   Section        0  stm32f1xx_it.o(i.SysTick_Handler)
    i.SystemClock_Config                     0x080038a6   Section        0  main.o(i.SystemClock_Config)
    i.SystemInit                             0x08003920   Section        0  system_stm32f1xx.o(i.SystemInit)
    i.TIM4_IRQHandler                        0x08003968   Section        0  stm32f1xx_it.o(i.TIM4_IRQHandler)
    i.TIM_Base_SetConfig                     0x08003974   Section        0  stm32f1xx_hal_tim.o(i.TIM_Base_SetConfig)
    i.TIM_CCxChannelCmd                      0x080039e0   Section        0  stm32f1xx_hal_tim.o(i.TIM_CCxChannelCmd)
    i.TIM_ETR_SetConfig                      0x080039f6   Section        0  stm32f1xx_hal_tim.o(i.TIM_ETR_SetConfig)
    TIM_ETR_SetConfig                        0x080039f7   Thumb Code    20  stm32f1xx_hal_tim.o(i.TIM_ETR_SetConfig)
    i.TIM_ITRx_SetConfig                     0x08003a0a   Section        0  stm32f1xx_hal_tim.o(i.TIM_ITRx_SetConfig)
    TIM_ITRx_SetConfig                       0x08003a0b   Thumb Code    16  stm32f1xx_hal_tim.o(i.TIM_ITRx_SetConfig)
    i.TIM_OC1_SetConfig                      0x08003a1c   Section        0  stm32f1xx_hal_tim.o(i.TIM_OC1_SetConfig)
    TIM_OC1_SetConfig                        0x08003a1d   Thumb Code    74  stm32f1xx_hal_tim.o(i.TIM_OC1_SetConfig)
    i.TIM_OC2_SetConfig                      0x08003a6c   Section        0  stm32f1xx_hal_tim.o(i.TIM_OC2_SetConfig)
    i.TIM_OC3_SetConfig                      0x08003ac4   Section        0  stm32f1xx_hal_tim.o(i.TIM_OC3_SetConfig)
    TIM_OC3_SetConfig                        0x08003ac5   Thumb Code    82  stm32f1xx_hal_tim.o(i.TIM_OC3_SetConfig)
    i.TIM_OC4_SetConfig                      0x08003b1c   Section        0  stm32f1xx_hal_tim.o(i.TIM_OC4_SetConfig)
    TIM_OC4_SetConfig                        0x08003b1d   Thumb Code    64  stm32f1xx_hal_tim.o(i.TIM_OC4_SetConfig)
    i.TIM_TI1_ConfigInputStage               0x08003b60   Section        0  stm32f1xx_hal_tim.o(i.TIM_TI1_ConfigInputStage)
    TIM_TI1_ConfigInputStage                 0x08003b61   Thumb Code    34  stm32f1xx_hal_tim.o(i.TIM_TI1_ConfigInputStage)
    i.TIM_TI2_ConfigInputStage               0x08003b82   Section        0  stm32f1xx_hal_tim.o(i.TIM_TI2_ConfigInputStage)
    TIM_TI2_ConfigInputStage                 0x08003b83   Thumb Code    36  stm32f1xx_hal_tim.o(i.TIM_TI2_ConfigInputStage)
    i.UsageFault_Handler                     0x08003ba6   Section        0  stm32f1xx_it.o(i.UsageFault_Handler)
    i._Error_Handler                         0x08003ba8   Section        0  main.o(i._Error_Handler)
    i.__scatterload_copy                     0x08003baa   Section       14  handlers.o(i.__scatterload_copy)
    i.__scatterload_null                     0x08003bb8   Section        2  handlers.o(i.__scatterload_null)
    i.__scatterload_zeroinit                 0x08003bba   Section       14  handlers.o(i.__scatterload_zeroinit)
    i.control_loop                           0x08003bc8   Section        0  adc.o(i.control_loop)
    i.identification_loop                    0x08003fa0   Section        0  adc.o(i.identification_loop)
    i.main                                   0x0800408c   Section        0  main.o(i.main)
    i.restartComm                            0x08004240   Section        0  i2c.o(i.restartComm)
    .constdata                               0x08004260   Section       16  system_stm32f1xx.o(.constdata)
    .constdata                               0x08004270   Section        8  system_stm32f1xx.o(.constdata)
    .data                                    0x20000000   Section       12  stm32f1xx_hal.o(.data)
    .data                                    0x2000000c   Section      216  adc.o(.data)
    cnt                                      0x2000000d   Data           1  adc.o(.data)
    ainv                                     0x20000014   Data           4  adc.o(.data)
    .data                                    0x200000e4   Section       64  adc.o(.data)
    .data                                    0x20000124   Section        8  adc.o(.data)
    .data                                    0x2000012c   Section       12  i2c.o(.data)
    .data                                    0x20000138   Section        4  system_stm32f1xx.o(.data)
    .bss                                     0x2000013c   Section      192  tim.o(.bss)
    .bss                                     0x200001fc   Section      528  adc.o(.bss)
    adc_scan_sum                             0x2000029c   Data          18  adc.o(.bss)
    .bss                                     0x2000040c   Section       16  adc.o(.bss)
    .bss                                     0x2000041c   Section      108  i2c.o(.bss)
    STACK                                    0x20000488   Section     1024  startup_stm32f103xb.o(STACK)

    Global Symbols

    Symbol Name                              Value     Ov Type        Size  Object(Section)

    BuildAttributes$$THM_ISAv4$P$D$K$B$S$PE$A:L22UL41UL21$X:L11$S22US41US21$IEEE1$IW$USESV6$~STKCKD$USESV7$~SHL$OTIME$ROPI$EBA8$MICROLIB$REQ8$PRES8$EABIv2 0x00000000   Number         0  anon$$obj.o ABSOLUTE
    __ARM_use_no_argv                        0x00000000   Number         0  main.o ABSOLUTE
    __cpp_initialize__aeabi_                  - Undefined Weak Reference
    __cxa_finalize                            - Undefined Weak Reference
    _clock_init                               - Undefined Weak Reference
    _microlib_exit                            - Undefined Weak Reference
    __Vectors_Size                           0x000000ec   Number         0  startup_stm32f103xb.o ABSOLUTE
    __Vectors                                0x08000000   Data           4  startup_stm32f103xb.o(RESET)
    __Vectors_End                            0x080000ec   Data           0  startup_stm32f103xb.o(RESET)
    __main                                   0x080000ed   Thumb Code     0  entry.o(.ARM.Collect$$$$00000000)
    _main_stk                                0x080000ed   Thumb Code     0  entry2.o(.ARM.Collect$$$$00000001)
    _main_scatterload                        0x080000f1   Thumb Code     0  entry5.o(.ARM.Collect$$$$00000004)
    __main_after_scatterload                 0x080000f5   Thumb Code     0  entry5.o(.ARM.Collect$$$$00000004)
    _main_clock                              0x080000f5   Thumb Code     0  entry7b.o(.ARM.Collect$$$$00000008)
    _main_cpp_init                           0x080000f5   Thumb Code     0  entry8b.o(.ARM.Collect$$$$0000000A)
    _main_init                               0x080000f5   Thumb Code     0  entry9a.o(.ARM.Collect$$$$0000000B)
    __rt_final_cpp                           0x080000fd   Thumb Code     0  entry10a.o(.ARM.Collect$$$$0000000D)
    __rt_final_exit                          0x080000fd   Thumb Code     0  entry11a.o(.ARM.Collect$$$$0000000F)
    Reset_Handler                            0x08000101   Thumb Code     8  startup_stm32f103xb.o(.text)
    ADC1_2_IRQHandler                        0x0800011b   Thumb Code     0  startup_stm32f103xb.o(.text)
    CAN1_RX1_IRQHandler                      0x0800011b   Thumb Code     0  startup_stm32f103xb.o(.text)
    CAN1_SCE_IRQHandler                      0x0800011b   Thumb Code     0  startup_stm32f103xb.o(.text)
    DMA1_Channel2_IRQHandler                 0x0800011b   Thumb Code     0  startup_stm32f103xb.o(.text)
    DMA1_Channel3_IRQHandler                 0x0800011b   Thumb Code     0  startup_stm32f103xb.o(.text)
    DMA1_Channel4_IRQHandler                 0x0800011b   Thumb Code     0  startup_stm32f103xb.o(.text)
    DMA1_Channel5_IRQHandler                 0x0800011b   Thumb Code     0  startup_stm32f103xb.o(.text)
    DMA1_Channel6_IRQHandler                 0x0800011b   Thumb Code     0  startup_stm32f103xb.o(.text)
    DMA1_Channel7_IRQHandler                 0x0800011b   Thumb Code     0  startup_stm32f103xb.o(.text)
    EXTI0_IRQHandler                         0x0800011b   Thumb Code     0  startup_stm32f103xb.o(.text)
    EXTI15_10_IRQHandler                     0x0800011b   Thumb Code     0  startup_stm32f103xb.o(.text)
    EXTI1_IRQHandler                         0x0800011b   Thumb Code     0  startup_stm32f103xb.o(.text)
    EXTI2_IRQHandler                         0x0800011b   Thumb Code     0  startup_stm32f103xb.o(.text)
    EXTI3_IRQHandler                         0x0800011b   Thumb Code     0  startup_stm32f103xb.o(.text)
    EXTI4_IRQHandler                         0x0800011b   Thumb Code     0  startup_stm32f103xb.o(.text)
    EXTI9_5_IRQHandler                       0x0800011b   Thumb Code     0  startup_stm32f103xb.o(.text)
    FLASH_IRQHandler                         0x0800011b   Thumb Code     0  startup_stm32f103xb.o(.text)
    I2C2_ER_IRQHandler                       0x0800011b   Thumb Code     0  startup_stm32f103xb.o(.text)
    I2C2_EV_IRQHandler                       0x0800011b   Thumb Code     0  startup_stm32f103xb.o(.text)
    PVD_IRQHandler                           0x0800011b   Thumb Code     0  startup_stm32f103xb.o(.text)
    RCC_IRQHandler                           0x0800011b   Thumb Code     0  startup_stm32f103xb.o(.text)
    RTC_Alarm_IRQHandler                     0x0800011b   Thumb Code     0  startup_stm32f103xb.o(.text)
    RTC_IRQHandler                           0x0800011b   Thumb Code     0  startup_stm32f103xb.o(.text)
    SPI1_IRQHandler                          0x0800011b   Thumb Code     0  startup_stm32f103xb.o(.text)
    SPI2_IRQHandler                          0x0800011b   Thumb Code     0  startup_stm32f103xb.o(.text)
    TAMPER_IRQHandler                        0x0800011b   Thumb Code     0  startup_stm32f103xb.o(.text)
    TIM1_BRK_IRQHandler                      0x0800011b   Thumb Code     0  startup_stm32f103xb.o(.text)
    TIM1_CC_IRQHandler                       0x0800011b   Thumb Code     0  startup_stm32f103xb.o(.text)
    TIM1_TRG_COM_IRQHandler                  0x0800011b   Thumb Code     0  startup_stm32f103xb.o(.text)
    TIM1_UP_IRQHandler                       0x0800011b   Thumb Code     0  startup_stm32f103xb.o(.text)
    TIM2_IRQHandler                          0x0800011b   Thumb Code     0  startup_stm32f103xb.o(.text)
    TIM3_IRQHandler                          0x0800011b   Thumb Code     0  startup_stm32f103xb.o(.text)
    USART1_IRQHandler                        0x0800011b   Thumb Code     0  startup_stm32f103xb.o(.text)
    USART2_IRQHandler                        0x0800011b   Thumb Code     0  startup_stm32f103xb.o(.text)
    USART3_IRQHandler                        0x0800011b   Thumb Code     0  startup_stm32f103xb.o(.text)
    USBWakeUp_IRQHandler                     0x0800011b   Thumb Code     0  startup_stm32f103xb.o(.text)
    USB_HP_CAN1_TX_IRQHandler                0x0800011b   Thumb Code     0  startup_stm32f103xb.o(.text)
    USB_LP_CAN1_RX0_IRQHandler               0x0800011b   Thumb Code     0  startup_stm32f103xb.o(.text)
    WWDG_IRQHandler                          0x0800011b   Thumb Code     0  startup_stm32f103xb.o(.text)
    arm_add_f32                              0x08000125   Thumb Code   138  arm_add_f32.o(.text)
    arm_dot_prod_f32                         0x080001af   Thumb Code   146  arm_dot_prod_f32.o(.text)
    arm_scale_f32                            0x08000241   Thumb Code   120  arm_scale_f32.o(.text)
    arm_mat_init_f32                         0x080002b9   Thumb Code     8  arm_mat_init_f32.o(.text)
    arm_mat_mult_f32                         0x080002c1   Thumb Code   244  arm_mat_mult_f32.o(.text)
    arm_mat_scale_f32                        0x080003b5   Thumb Code   134  arm_mat_scale_f32.o(.text)
    arm_mat_sub_f32                          0x0800043b   Thumb Code   156  arm_mat_sub_f32.o(.text)
    __aeabi_llsr                             0x080004d7   Thumb Code    32  llushr.o(.text)
    _ll_ushift_r                             0x080004d7   Thumb Code     0  llushr.o(.text)
    __aeabi_fadd                             0x080004f7   Thumb Code   164  fadd.o(.text)
    __aeabi_fsub                             0x0800059b   Thumb Code     6  fadd.o(.text)
    __aeabi_frsub                            0x080005a1   Thumb Code     6  fadd.o(.text)
    __aeabi_fmul                             0x080005a7   Thumb Code   100  fmul.o(.text)
    __aeabi_fdiv                             0x0800060b   Thumb Code   124  fdiv.o(.text)
    __ARM_scalbnf                            0x08000687   Thumb Code    24  fscalb.o(.text)
    scalbnf                                  0x08000687   Thumb Code     0  fscalb.o(.text)
    __aeabi_dadd                             0x0800069f   Thumb Code   322  dadd.o(.text)
    __aeabi_dsub                             0x080007e1   Thumb Code     6  dadd.o(.text)
    __aeabi_drsub                            0x080007e7   Thumb Code     6  dadd.o(.text)
    __aeabi_dmul                             0x080007ed   Thumb Code   228  dmul.o(.text)
    __aeabi_ddiv                             0x080008d1   Thumb Code   222  ddiv.o(.text)
    __ARM_scalbn                             0x080009af   Thumb Code    46  dscalb.o(.text)
    scalbn                                   0x080009af   Thumb Code     0  dscalb.o(.text)
    __aeabi_ui2f                             0x080009dd   Thumb Code    10  ffltui.o(.text)
    __aeabi_i2d                              0x080009e7   Thumb Code    34  dflti.o(.text)
    __aeabi_ui2d                             0x08000a09   Thumb Code    26  dfltui.o(.text)
    __aeabi_f2iz                             0x08000a23   Thumb Code    50  ffixi.o(.text)
    __aeabi_d2uiz                            0x08000a55   Thumb Code    50  dfixui.o(.text)
    __aeabi_f2d                              0x08000a87   Thumb Code    38  f2d.o(.text)
    __aeabi_d2f                              0x08000aad   Thumb Code    56  d2f.o(.text)
    __aeabi_llsl                             0x08000ae5   Thumb Code    30  llshl.o(.text)
    _ll_shift_l                              0x08000ae5   Thumb Code     0  llshl.o(.text)
    __aeabi_lasr                             0x08000b03   Thumb Code    36  llsshr.o(.text)
    _ll_sshift_r                             0x08000b03   Thumb Code     0  llsshr.o(.text)
    __I$use$fp                               0x08000b27   Thumb Code     0  iusefp.o(.text)
    _float_round                             0x08000b27   Thumb Code    18  fepilogue.o(.text)
    _float_epilogue                          0x08000b39   Thumb Code    92  fepilogue.o(.text)
    _double_round                            0x08000b95   Thumb Code    30  depilogue.o(.text)
    _double_epilogue                         0x08000bb3   Thumb Code   156  depilogue.o(.text)
    __scatterload                            0x08000c51   Thumb Code    28  init.o(.text)
    __scatterload_rt2                        0x08000c51   Thumb Code     0  init.o(.text)
    __decompress                             0x08000c75   Thumb Code     0  __dczerorl2.o(.text)
    __decompress1                            0x08000c75   Thumb Code    86  __dczerorl2.o(.text)
    ADC_ConversionStop_Disable               0x08000ccd   Thumb Code    76  stm32f1xx_hal_adc.o(i.ADC_ConversionStop_Disable)
    ADC_DMAConvCplt                          0x08000d19   Thumb Code    78  stm32f1xx_hal_adc.o(i.ADC_DMAConvCplt)
    ADC_DMAError                             0x08000d67   Thumb Code    26  stm32f1xx_hal_adc.o(i.ADC_DMAError)
    ADC_DMAHalfConvCplt                      0x08000d81   Thumb Code    10  stm32f1xx_hal_adc.o(i.ADC_DMAHalfConvCplt)
    ADC_Enable                               0x08000d8d   Thumb Code   104  stm32f1xx_hal_adc.o(i.ADC_Enable)
    BusFault_Handler                         0x08000dfd   Thumb Code     2  stm32f1xx_it.o(i.BusFault_Handler)
    DMA1_Channel1_IRQHandler                 0x08000e01   Thumb Code     6  stm32f1xx_it.o(i.DMA1_Channel1_IRQHandler)
    DebugMon_Handler                         0x08000e37   Thumb Code     2  stm32f1xx_it.o(i.DebugMon_Handler)
    HAL_ADCEx_Calibration_Start              0x08000e39   Thumb Code   194  stm32f1xx_hal_adc_ex.o(i.HAL_ADCEx_Calibration_Start)
    HAL_ADC_ConfigChannel                    0x08000f01   Thumb Code   240  stm32f1xx_hal_adc.o(i.HAL_ADC_ConfigChannel)
    HAL_ADC_ConvCpltCallback                 0x08000ffd   Thumb Code    98  adc.o(i.HAL_ADC_ConvCpltCallback)
    HAL_ADC_ConvHalfCpltCallback             0x0800106d   Thumb Code     2  stm32f1xx_hal_adc.o(i.HAL_ADC_ConvHalfCpltCallback)
    HAL_ADC_ErrorCallback                    0x0800106f   Thumb Code     2  stm32f1xx_hal_adc.o(i.HAL_ADC_ErrorCallback)
    HAL_ADC_Init                             0x08001071   Thumb Code   272  stm32f1xx_hal_adc.o(i.HAL_ADC_Init)
    HAL_ADC_MspInit                          0x0800118d   Thumb Code   116  adc.o(i.HAL_ADC_MspInit)
    HAL_ADC_Start_DMA                        0x08001229   Thumb Code   246  stm32f1xx_hal_adc.o(i.HAL_ADC_Start_DMA)
    HAL_DMA_Abort_IT                         0x08001335   Thumb Code   148  stm32f1xx_hal_dma.o(i.HAL_DMA_Abort_IT)
    HAL_DMA_IRQHandler                       0x080013cd   Thumb Code   316  stm32f1xx_hal_dma.o(i.HAL_DMA_IRQHandler)
    HAL_DMA_Init                             0x08001521   Thumb Code    92  stm32f1xx_hal_dma.o(i.HAL_DMA_Init)
    HAL_DMA_Start_IT                         0x08001585   Thumb Code   112  stm32f1xx_hal_dma.o(i.HAL_DMA_Start_IT)
    HAL_Delay                                0x080015f5   Thumb Code    32  stm32f1xx_hal.o(i.HAL_Delay)
    HAL_GPIO_Init                            0x08001619   Thumb Code   408  stm32f1xx_hal_gpio.o(i.HAL_GPIO_Init)
    HAL_GPIO_TogglePin                       0x080017d5   Thumb Code     8  stm32f1xx_hal_gpio.o(i.HAL_GPIO_TogglePin)
    HAL_GPIO_WritePin                        0x080017dd   Thumb Code    10  stm32f1xx_hal_gpio.o(i.HAL_GPIO_WritePin)
    HAL_GetTick                              0x080017e9   Thumb Code     6  stm32f1xx_hal.o(i.HAL_GetTick)
    HAL_I2C_AbortCpltCallback                0x080017f5   Thumb Code     2  stm32f1xx_hal_i2c.o(i.HAL_I2C_AbortCpltCallback)
    HAL_I2C_AddrCallback                     0x080017f7   Thumb Code     2  stm32f1xx_hal_i2c.o(i.HAL_I2C_AddrCallback)
    HAL_I2C_ER_IRQHandler                    0x080017f9   Thumb Code   202  stm32f1xx_hal_i2c.o(i.HAL_I2C_ER_IRQHandler)
    HAL_I2C_EV_IRQHandler                    0x080018c9   Thumb Code   486  stm32f1xx_hal_i2c.o(i.HAL_I2C_EV_IRQHandler)
    HAL_I2C_ErrorCallback                    0x08001ab9   Thumb Code     4  i2c.o(i.HAL_I2C_ErrorCallback)
    HAL_I2C_GetState                         0x08001abd   Thumb Code     6  stm32f1xx_hal_i2c.o(i.HAL_I2C_GetState)
    HAL_I2C_Init                             0x08001ac5   Thumb Code   302  stm32f1xx_hal_i2c.o(i.HAL_I2C_Init)
    HAL_I2C_ListenCpltCallback               0x08001c05   Thumb Code     2  stm32f1xx_hal_i2c.o(i.HAL_I2C_ListenCpltCallback)
    HAL_I2C_MasterRxCpltCallback             0x08001c07   Thumb Code     2  stm32f1xx_hal_i2c.o(i.HAL_I2C_MasterRxCpltCallback)
    HAL_I2C_MasterTxCpltCallback             0x08001c09   Thumb Code     2  stm32f1xx_hal_i2c.o(i.HAL_I2C_MasterTxCpltCallback)
    HAL_I2C_MemRxCpltCallback                0x08001c0b   Thumb Code     2  stm32f1xx_hal_i2c.o(i.HAL_I2C_MemRxCpltCallback)
    HAL_I2C_MemTxCpltCallback                0x08001c0d   Thumb Code     2  stm32f1xx_hal_i2c.o(i.HAL_I2C_MemTxCpltCallback)
    HAL_I2C_MspInit                          0x08001c11   Thumb Code    86  i2c.o(i.HAL_I2C_MspInit)
    HAL_I2C_SlaveRxCpltCallback              0x08001c75   Thumb Code   170  i2c.o(i.HAL_I2C_SlaveRxCpltCallback)
    HAL_I2C_SlaveTxCpltCallback              0x08001d2d   Thumb Code    32  i2c.o(i.HAL_I2C_SlaveTxCpltCallback)
    HAL_I2C_Slave_Receive_IT                 0x08001d55   Thumb Code   172  stm32f1xx_hal_i2c.o(i.HAL_I2C_Slave_Receive_IT)
    HAL_I2C_Slave_Transmit_IT                0x08001e09   Thumb Code   174  stm32f1xx_hal_i2c.o(i.HAL_I2C_Slave_Transmit_IT)
    HAL_IncTick                              0x08001ec1   Thumb Code    12  stm32f1xx_hal.o(i.HAL_IncTick)
    HAL_Init                                 0x08001ed1   Thumb Code    32  stm32f1xx_hal.o(i.HAL_Init)
    HAL_InitTick                             0x08001ef5   Thumb Code    54  stm32f1xx_hal.o(i.HAL_InitTick)
    HAL_MspInit                              0x08001f35   Thumb Code   118  stm32f1xx_hal_msp.o(i.HAL_MspInit)
    HAL_NVIC_EnableIRQ                       0x08001fb5   Thumb Code    22  stm32f1xx_hal_cortex.o(i.HAL_NVIC_EnableIRQ)
    HAL_NVIC_SetPriority                     0x08001fcd   Thumb Code    60  stm32f1xx_hal_cortex.o(i.HAL_NVIC_SetPriority)
    HAL_NVIC_SetPriorityGrouping             0x0800200d   Thumb Code    26  stm32f1xx_hal_cortex.o(i.HAL_NVIC_SetPriorityGrouping)
    HAL_RCCEx_GetPeriphCLKFreq               0x08002031   Thumb Code   166  stm32f1xx_hal_rcc_ex.o(i.HAL_RCCEx_GetPeriphCLKFreq)
    HAL_RCCEx_PeriphCLKConfig                0x080020f9   Thumb Code   224  stm32f1xx_hal_rcc_ex.o(i.HAL_RCCEx_PeriphCLKConfig)
    HAL_RCC_ClockConfig                      0x080021e5   Thumb Code   322  stm32f1xx_hal_rcc.o(i.HAL_RCC_ClockConfig)
    HAL_RCC_GetHCLKFreq                      0x08002339   Thumb Code     6  stm32f1xx_hal_rcc.o(i.HAL_RCC_GetHCLKFreq)
    HAL_RCC_GetPCLK1Freq                     0x08002345   Thumb Code    20  stm32f1xx_hal_rcc.o(i.HAL_RCC_GetPCLK1Freq)
    HAL_RCC_GetPCLK2Freq                     0x08002365   Thumb Code    20  stm32f1xx_hal_rcc.o(i.HAL_RCC_GetPCLK2Freq)
    HAL_RCC_GetSysClockFreq                  0x08002385   Thumb Code    74  stm32f1xx_hal_rcc.o(i.HAL_RCC_GetSysClockFreq)
    HAL_RCC_OscConfig                        0x080023f1   Thumb Code   750  stm32f1xx_hal_rcc.o(i.HAL_RCC_OscConfig)
    HAL_SYSTICK_CLKSourceConfig              0x080026f5   Thumb Code    24  stm32f1xx_hal_cortex.o(i.HAL_SYSTICK_CLKSourceConfig)
    HAL_SYSTICK_Callback                     0x0800270d   Thumb Code     2  stm32f1xx_hal_cortex.o(i.HAL_SYSTICK_Callback)
    HAL_SYSTICK_Config                       0x0800270f   Thumb Code    40  stm32f1xx_hal_cortex.o(i.HAL_SYSTICK_Config)
    HAL_SYSTICK_IRQHandler                   0x08002737   Thumb Code     8  stm32f1xx_hal_cortex.o(i.HAL_SYSTICK_IRQHandler)
    HAL_TIMEx_BreakCallback                  0x0800273f   Thumb Code     2  stm32f1xx_hal_tim_ex.o(i.HAL_TIMEx_BreakCallback)
    HAL_TIMEx_CommutationCallback            0x08002741   Thumb Code     2  stm32f1xx_hal_tim_ex.o(i.HAL_TIMEx_CommutationCallback)
    HAL_TIMEx_ConfigBreakDeadTime            0x08002743   Thumb Code    90  stm32f1xx_hal_tim_ex.o(i.HAL_TIMEx_ConfigBreakDeadTime)
    HAL_TIMEx_MasterConfigSynchronization    0x0800279d   Thumb Code    80  stm32f1xx_hal_tim_ex.o(i.HAL_TIMEx_MasterConfigSynchronization)
    HAL_TIM_Base_Init                        0x080027ed   Thumb Code    54  stm32f1xx_hal_tim.o(i.HAL_TIM_Base_Init)
    HAL_TIM_Base_MspInit                     0x08002825   Thumb Code    50  tim.o(i.HAL_TIM_Base_MspInit)
    HAL_TIM_Base_Start_IT                    0x08002861   Thumb Code    24  stm32f1xx_hal_tim.o(i.HAL_TIM_Base_Start_IT)
    HAL_TIM_ConfigClockSource                0x08002879   Thumb Code   242  stm32f1xx_hal_tim.o(i.HAL_TIM_ConfigClockSource)
    HAL_TIM_IC_CaptureCallback               0x0800296b   Thumb Code     2  stm32f1xx_hal_tim.o(i.HAL_TIM_IC_CaptureCallback)
    HAL_TIM_IRQHandler                       0x0800296d   Thumb Code   358  stm32f1xx_hal_tim.o(i.HAL_TIM_IRQHandler)
    HAL_TIM_MspPostInit                      0x08002ad5   Thumb Code    96  tim.o(i.HAL_TIM_MspPostInit)
    HAL_TIM_OC_DelayElapsedCallback          0x08002b45   Thumb Code     2  stm32f1xx_hal_tim.o(i.HAL_TIM_OC_DelayElapsedCallback)
    HAL_TIM_PWM_ConfigChannel                0x08002b47   Thumb Code   208  stm32f1xx_hal_tim.o(i.HAL_TIM_PWM_ConfigChannel)
    HAL_TIM_PWM_Init                         0x08002c17   Thumb Code    54  stm32f1xx_hal_tim.o(i.HAL_TIM_PWM_Init)
    HAL_TIM_PWM_MspInit                      0x08002c4d   Thumb Code    52  tim.o(i.HAL_TIM_PWM_MspInit)
    HAL_TIM_PWM_PulseFinishedCallback        0x08002c89   Thumb Code     2  stm32f1xx_hal_tim.o(i.HAL_TIM_PWM_PulseFinishedCallback)
    HAL_TIM_PWM_Start                        0x08002c8d   Thumb Code    42  stm32f1xx_hal_tim.o(i.HAL_TIM_PWM_Start)
    HAL_TIM_PeriodElapsedCallback            0x08002cbd   Thumb Code    22  adc.o(i.HAL_TIM_PeriodElapsedCallback)
    HAL_TIM_TriggerCallback                  0x08002cdd   Thumb Code     2  stm32f1xx_hal_tim.o(i.HAL_TIM_TriggerCallback)
    HardFault_Handler                        0x08002cdf   Thumb Code     2  stm32f1xx_it.o(i.HardFault_Handler)
    I2C1_ER_IRQHandler                       0x08002ce1   Thumb Code     6  stm32f1xx_it.o(i.I2C1_ER_IRQHandler)
    I2C1_EV_IRQHandler                       0x08002ced   Thumb Code     6  stm32f1xx_it.o(i.I2C1_EV_IRQHandler)
    MX_ADC1_Init                             0x08003441   Thumb Code   264  adc.o(i.MX_ADC1_Init)
    MX_DMA_Init                              0x08003561   Thumb Code    40  dma.o(i.MX_DMA_Init)
    MX_GPIO_Init                             0x0800358d   Thumb Code   110  gpio.o(i.MX_GPIO_Init)
    MX_I2C1_Init                             0x08003605   Thumb Code    56  i2c.o(i.MX_I2C1_Init)
    MX_TIM1_Init                             0x08003659   Thumb Code   206  tim.o(i.MX_TIM1_Init)
    MX_TIM2_Init                             0x08003741   Thumb Code   164  tim.o(i.MX_TIM2_Init)
    MX_TIM4_Init                             0x080037f9   Thumb Code    94  tim.o(i.MX_TIM4_Init)
    MemManage_Handler                        0x08003871   Thumb Code     2  stm32f1xx_it.o(i.MemManage_Handler)
    NMI_Handler                              0x08003873   Thumb Code     2  stm32f1xx_it.o(i.NMI_Handler)
    PendSV_Handler                           0x08003895   Thumb Code     2  stm32f1xx_it.o(i.PendSV_Handler)
    SVC_Handler                              0x08003897   Thumb Code     2  stm32f1xx_it.o(i.SVC_Handler)
    SysTick_Handler                          0x08003899   Thumb Code    14  stm32f1xx_it.o(i.SysTick_Handler)
    SystemClock_Config                       0x080038a7   Thumb Code   122  main.o(i.SystemClock_Config)
    SystemInit                               0x08003921   Thumb Code    56  system_stm32f1xx.o(i.SystemInit)
    TIM4_IRQHandler                          0x08003969   Thumb Code     6  stm32f1xx_it.o(i.TIM4_IRQHandler)
    TIM_Base_SetConfig                       0x08003975   Thumb Code    94  stm32f1xx_hal_tim.o(i.TIM_Base_SetConfig)
    TIM_CCxChannelCmd                        0x080039e1   Thumb Code    22  stm32f1xx_hal_tim.o(i.TIM_CCxChannelCmd)
    TIM_OC2_SetConfig                        0x08003a6d   Thumb Code    84  stm32f1xx_hal_tim.o(i.TIM_OC2_SetConfig)
    UsageFault_Handler                       0x08003ba7   Thumb Code     2  stm32f1xx_it.o(i.UsageFault_Handler)
    _Error_Handler                           0x08003ba9   Thumb Code     2  main.o(i._Error_Handler)
    __scatterload_copy                       0x08003bab   Thumb Code    14  handlers.o(i.__scatterload_copy)
    __scatterload_null                       0x08003bb9   Thumb Code     2  handlers.o(i.__scatterload_null)
    __scatterload_zeroinit                   0x08003bbb   Thumb Code    14  handlers.o(i.__scatterload_zeroinit)
    control_loop                             0x08003bc9   Thumb Code   894  adc.o(i.control_loop)
    identification_loop                      0x08003fa1   Thumb Code   224  adc.o(i.identification_loop)
    main                                     0x0800408d   Thumb Code   346  main.o(i.main)
    restartComm                              0x08004241   Thumb Code    22  i2c.o(i.restartComm)
    AHBPrescTable                            0x08004260   Data          16  system_stm32f1xx.o(.constdata)
    APBPrescTable                            0x08004270   Data           8  system_stm32f1xx.o(.constdata)
    Region$$Table$$Base                      0x08004278   Number         0  anon$$obj.o(Region$$Table)
    Region$$Table$$Limit                     0x08004298   Number         0  anon$$obj.o(Region$$Table)
    uwTickFreq                               0x20000000   Data           1  stm32f1xx_hal.o(.data)
    uwTickPrio                               0x20000004   Data           4  stm32f1xx_hal.o(.data)
    uwTick                                   0x20000008   Data           4  stm32f1xx_hal.o(.data)
    adc_avg_cplt                             0x2000000c   Data           1  adc.o(.data)
    r_sense_Ohm                              0x2000000e   Data           2  adc.o(.data)
    C_mm                                     0x20000010   Data           2  adc.o(.data)
    R_mm                                     0x20000012   Data           2  adc.o(.data)
    v_bat_mV                                 0x20000018   Data           4  adc.o(.data)
    r_motor_mOhm                             0x2000001c   Data           8  adc.o(.data)
    k_n                                      0x20000024   Data           8  adc.o(.data)
    aux41                                    0x2000002c   Data           8  adc.o(.data)
    mk_n                                     0x20000034   Data           8  adc.o(.data)
    maux41                                   0x2000003c   Data           8  adc.o(.data)
    maux14                                   0x20000044   Data           8  adc.o(.data)
    maux44                                   0x2000004c   Data           8  adc.o(.data)
    i_quis_mA                                0x20000054   Data          32  adc.o(.data)
    k_vel                                    0x20000074   Data          16  adc.o(.data)
    pid_k                                    0x20000084   Data          48  adc.o(.data)
    w_n                                      0x200000b4   Data          32  adc.o(.data)
    current_k                                0x200000d4   Data          16  adc.o(.data)
    P_n                                      0x200000e4   Data          64  adc.o(.data)
    aux14                                    0x20000124   Data           8  adc.o(.data)
    i2c_state                                0x2000012c   Data           1  i2c.o(.data)
    reg_index                                0x2000012d   Data           1  i2c.o(.data)
    trans_type                               0x2000012e   Data           1  i2c.o(.data)
    p                                        0x20000130   Data           4  i2c.o(.data)
    re                                       0x20000134   Data           4  i2c.o(.data)
    SystemCoreClock                          0x20000138   Data           4  system_stm32f1xx.o(.data)
    htim1                                    0x2000013c   Data          64  tim.o(.bss)
    htim2                                    0x2000017c   Data          64  tim.o(.bss)
    htim4                                    0x200001bc   Data          64  tim.o(.bss)
    i_motor_mA                               0x200001fc   Data          32  adc.o(.bss)
    bemf_mV                                  0x2000021c   Data          16  adc.o(.bss)
    pid_e                                    0x2000022c   Data          48  adc.o(.bss)
    u                                        0x2000025c   Data          16  adc.o(.bss)
    r                                        0x2000026c   Data          16  adc.o(.bss)
    u_n_global                               0x2000027c   Data          32  adc.o(.bss)
    adc_scan                                 0x200002ae   Data          18  adc.o(.bss)
    adc_scan_avg                             0x200002c0   Data          18  adc.o(.bss)
    v_adc_mV                                 0x200002d4   Data          36  adc.o(.bss)
    r_global                                 0x200002f8   Data          16  adc.o(.bss)
    d_global                                 0x20000308   Data          16  adc.o(.bss)
    mP_n                                     0x20000318   Data          32  adc.o(.bss)
    mu_n                                     0x20000338   Data          32  adc.o(.bss)
    muT_n                                    0x20000358   Data          32  adc.o(.bss)
    pwm_value                                0x20000378   Data          32  adc.o(.bss)
    hadc1                                    0x20000398   Data          48  adc.o(.bss)
    hdma_adc1                                0x200003c8   Data          68  adc.o(.bss)
    aux44                                    0x2000040c   Data          16  adc.o(.bss)
    mem_data                                 0x2000041c   Data          24  i2c.o(.bss)
    hi2c1                                    0x20000434   Data          84  i2c.o(.bss)
    __initial_sp                             0x20000888   Data           0  startup_stm32f103xb.o(STACK)



==============================================================================

Memory Map of the image

  Image Entry point : 0x080000ed

  Load Region LR_IROM1 (Base: 0x08000000, Size: 0x000043d4, Max: 0x00020000, ABSOLUTE, COMPRESSED[0x000042fc])

    Execution Region ER_IROM1 (Base: 0x08000000, Size: 0x00004298, Max: 0x00020000, ABSOLUTE)

    Base Addr    Size         Type   Attr      Idx    E Section Name        Object

    0x08000000   0x000000ec   Data   RO         2555    RESET               startup_stm32f103xb.o
    0x080000ec   0x00000000   Code   RO         3245  * .ARM.Collect$$$$00000000  mc_w.l(entry.o)
    0x080000ec   0x00000004   Code   RO         3280    .ARM.Collect$$$$00000001  mc_w.l(entry2.o)
    0x080000f0   0x00000004   Code   RO         3283    .ARM.Collect$$$$00000004  mc_w.l(entry5.o)
    0x080000f4   0x00000000   Code   RO         3285    .ARM.Collect$$$$00000008  mc_w.l(entry7b.o)
    0x080000f4   0x00000000   Code   RO         3287    .ARM.Collect$$$$0000000A  mc_w.l(entry8b.o)
    0x080000f4   0x00000008   Code   RO         3288    .ARM.Collect$$$$0000000B  mc_w.l(entry9a.o)
    0x080000fc   0x00000000   Code   RO         3290    .ARM.Collect$$$$0000000D  mc_w.l(entry10a.o)
    0x080000fc   0x00000000   Code   RO         3292    .ARM.Collect$$$$0000000F  mc_w.l(entry11a.o)
    0x080000fc   0x00000004   Code   RO         3281    .ARM.Collect$$$$00002712  mc_w.l(entry2.o)
    0x08000100   0x00000024   Code   RO         2556    .text               startup_stm32f103xb.o
    0x08000124   0x0000008a   Code   RO         3058    .text               arm_cortexM3l_math.lib(arm_add_f32.o)
    0x080001ae   0x00000092   Code   RO         3104    .text               arm_cortexM3l_math.lib(arm_dot_prod_f32.o)
    0x08000240   0x00000078   Code   RO         3128    .text               arm_cortexM3l_math.lib(arm_scale_f32.o)
    0x080002b8   0x00000008   Code   RO         3152    .text               arm_cortexM3l_math.lib(arm_mat_init_f32.o)
    0x080002c0   0x000000f4   Code   RO         3176    .text               arm_cortexM3l_math.lib(arm_mat_mult_f32.o)
    0x080003b4   0x00000086   Code   RO         3200    .text               arm_cortexM3l_math.lib(arm_mat_scale_f32.o)
    0x0800043a   0x0000009c   Code   RO         3224    .text               arm_cortexM3l_math.lib(arm_mat_sub_f32.o)
    0x080004d6   0x00000020   Code   RO         3248    .text               mc_w.l(llushr.o)
    0x080004f6   0x000000b0   Code   RO         3250    .text               mf_w.l(fadd.o)
    0x080005a6   0x00000064   Code   RO         3252    .text               mf_w.l(fmul.o)
    0x0800060a   0x0000007c   Code   RO         3254    .text               mf_w.l(fdiv.o)
    0x08000686   0x00000018   Code   RO         3256    .text               mf_w.l(fscalb.o)
    0x0800069e   0x0000014e   Code   RO         3258    .text               mf_w.l(dadd.o)
    0x080007ec   0x000000e4   Code   RO         3260    .text               mf_w.l(dmul.o)
    0x080008d0   0x000000de   Code   RO         3262    .text               mf_w.l(ddiv.o)
    0x080009ae   0x0000002e   Code   RO         3264    .text               mf_w.l(dscalb.o)
    0x080009dc   0x0000000a   Code   RO         3266    .text               mf_w.l(ffltui.o)
    0x080009e6   0x00000022   Code   RO         3268    .text               mf_w.l(dflti.o)
    0x08000a08   0x0000001a   Code   RO         3270    .text               mf_w.l(dfltui.o)
    0x08000a22   0x00000032   Code   RO         3272    .text               mf_w.l(ffixi.o)
    0x08000a54   0x00000032   Code   RO         3274    .text               mf_w.l(dfixui.o)
    0x08000a86   0x00000026   Code   RO         3276    .text               mf_w.l(f2d.o)
    0x08000aac   0x00000038   Code   RO         3278    .text               mf_w.l(d2f.o)
    0x08000ae4   0x0000001e   Code   RO         3294    .text               mc_w.l(llshl.o)
    0x08000b02   0x00000024   Code   RO         3296    .text               mc_w.l(llsshr.o)
    0x08000b26   0x00000000   Code   RO         3298    .text               mc_w.l(iusefp.o)
    0x08000b26   0x0000006e   Code   RO         3299    .text               mf_w.l(fepilogue.o)
    0x08000b94   0x000000ba   Code   RO         3301    .text               mf_w.l(depilogue.o)
    0x08000c4e   0x00000002   PAD
    0x08000c50   0x00000024   Code   RO         3303    .text               mc_w.l(init.o)
    0x08000c74   0x00000056   Code   RO         3313    .text               mc_w.l(__dczerorl2.o)
    0x08000cca   0x00000002   PAD
    0x08000ccc   0x0000004c   Code   RO         1049    i.ADC_ConversionStop_Disable  stm32f1xx_hal_adc.o
    0x08000d18   0x0000004e   Code   RO         1050    i.ADC_DMAConvCplt   stm32f1xx_hal_adc.o
    0x08000d66   0x0000001a   Code   RO         1051    i.ADC_DMAError      stm32f1xx_hal_adc.o
    0x08000d80   0x0000000a   Code   RO         1052    i.ADC_DMAHalfConvCplt  stm32f1xx_hal_adc.o
    0x08000d8a   0x00000002   PAD
    0x08000d8c   0x00000070   Code   RO         1053    i.ADC_Enable        stm32f1xx_hal_adc.o
    0x08000dfc   0x00000002   Code   RO         2920    i.BusFault_Handler  stm32f1xx_it.o
    0x08000dfe   0x00000002   PAD
    0x08000e00   0x0000000c   Code   RO         2921    i.DMA1_Channel1_IRQHandler  stm32f1xx_it.o
    0x08000e0c   0x0000002a   Code   RO         1454    i.DMA_SetConfig     stm32f1xx_hal_dma.o
    0x08000e36   0x00000002   Code   RO         2922    i.DebugMon_Handler  stm32f1xx_it.o
    0x08000e38   0x000000c8   Code   RO          953    i.HAL_ADCEx_Calibration_Start  stm32f1xx_hal_adc_ex.o
    0x08000f00   0x000000fc   Code   RO         1055    i.HAL_ADC_ConfigChannel  stm32f1xx_hal_adc.o
    0x08000ffc   0x00000070   Code   RO         2689    i.HAL_ADC_ConvCpltCallback  adc.o
    0x0800106c   0x00000002   Code   RO         1057    i.HAL_ADC_ConvHalfCpltCallback  stm32f1xx_hal_adc.o
    0x0800106e   0x00000002   Code   RO         1059    i.HAL_ADC_ErrorCallback  stm32f1xx_hal_adc.o
    0x08001070   0x0000011c   Code   RO         1064    i.HAL_ADC_Init      stm32f1xx_hal_adc.o
    0x0800118c   0x0000009c   Code   RO         2691    i.HAL_ADC_MspInit   adc.o
    0x08001228   0x0000010c   Code   RO         1071    i.HAL_ADC_Start_DMA  stm32f1xx_hal_adc.o
    0x08001334   0x00000098   Code   RO         1456    i.HAL_DMA_Abort_IT  stm32f1xx_hal_dma.o
    0x080013cc   0x00000154   Code   RO         1460    i.HAL_DMA_IRQHandler  stm32f1xx_hal_dma.o
    0x08001520   0x00000064   Code   RO         1461    i.HAL_DMA_Init      stm32f1xx_hal_dma.o
    0x08001584   0x00000070   Code   RO         1465    i.HAL_DMA_Start_IT  stm32f1xx_hal_dma.o
    0x080015f4   0x00000024   Code   RO         1236    i.HAL_Delay         stm32f1xx_hal.o
    0x08001618   0x000001bc   Code   RO         1391    i.HAL_GPIO_Init     stm32f1xx_hal_gpio.o
    0x080017d4   0x00000008   Code   RO         1394    i.HAL_GPIO_TogglePin  stm32f1xx_hal_gpio.o
    0x080017dc   0x0000000a   Code   RO         1395    i.HAL_GPIO_WritePin  stm32f1xx_hal_gpio.o
    0x080017e6   0x00000002   PAD
    0x080017e8   0x0000000c   Code   RO         1240    i.HAL_GetTick       stm32f1xx_hal.o
    0x080017f4   0x00000002   Code   RO         1651    i.HAL_I2C_AbortCpltCallback  stm32f1xx_hal_i2c.o
    0x080017f6   0x00000002   Code   RO         1652    i.HAL_I2C_AddrCallback  stm32f1xx_hal_i2c.o
    0x080017f8   0x000000d0   Code   RO         1655    i.HAL_I2C_ER_IRQHandler  stm32f1xx_hal_i2c.o
    0x080018c8   0x000001f0   Code   RO         1656    i.HAL_I2C_EV_IRQHandler  stm32f1xx_hal_i2c.o
    0x08001ab8   0x00000004   Code   RO         2829    i.HAL_I2C_ErrorCallback  i2c.o
    0x08001abc   0x00000006   Code   RO         1661    i.HAL_I2C_GetState  stm32f1xx_hal_i2c.o
    0x08001ac2   0x00000002   PAD
    0x08001ac4   0x00000140   Code   RO         1662    i.HAL_I2C_Init      stm32f1xx_hal_i2c.o
    0x08001c04   0x00000002   Code   RO         1664    i.HAL_I2C_ListenCpltCallback  stm32f1xx_hal_i2c.o
    0x08001c06   0x00000002   Code   RO         1665    i.HAL_I2C_MasterRxCpltCallback  stm32f1xx_hal_i2c.o
    0x08001c08   0x00000002   Code   RO         1666    i.HAL_I2C_MasterTxCpltCallback  stm32f1xx_hal_i2c.o
    0x08001c0a   0x00000002   Code   RO         1676    i.HAL_I2C_MemRxCpltCallback  stm32f1xx_hal_i2c.o
    0x08001c0c   0x00000002   Code   RO         1677    i.HAL_I2C_MemTxCpltCallback  stm32f1xx_hal_i2c.o
    0x08001c0e   0x00000002   PAD
    0x08001c10   0x00000064   Code   RO         2831    i.HAL_I2C_MspInit   i2c.o
    0x08001c74   0x000000b8   Code   RO         2832    i.HAL_I2C_SlaveRxCpltCallback  i2c.o
    0x08001d2c   0x00000028   Code   RO         2833    i.HAL_I2C_SlaveTxCpltCallback  i2c.o
    0x08001d54   0x000000b4   Code   RO         1690    i.HAL_I2C_Slave_Receive_IT  stm32f1xx_hal_i2c.o
    0x08001e08   0x000000b8   Code   RO         1695    i.HAL_I2C_Slave_Transmit_IT  stm32f1xx_hal_i2c.o
    0x08001ec0   0x00000010   Code   RO         1244    i.HAL_IncTick       stm32f1xx_hal.o
    0x08001ed0   0x00000024   Code   RO         1245    i.HAL_Init          stm32f1xx_hal.o
    0x08001ef4   0x00000040   Code   RO         1246    i.HAL_InitTick      stm32f1xx_hal.o
    0x08001f34   0x00000080   Code   RO         2896    i.HAL_MspInit       stm32f1xx_hal_msp.o
    0x08001fb4   0x00000016   Code   RO         2284    i.HAL_NVIC_EnableIRQ  stm32f1xx_hal_cortex.o
    0x08001fca   0x00000002   PAD
    0x08001fcc   0x00000040   Code   RO         2290    i.HAL_NVIC_SetPriority  stm32f1xx_hal_cortex.o
    0x0800200c   0x00000024   Code   RO         2291    i.HAL_NVIC_SetPriorityGrouping  stm32f1xx_hal_cortex.o
    0x08002030   0x000000c8   Code   RO         2436    i.HAL_RCCEx_GetPeriphCLKFreq  stm32f1xx_hal_rcc_ex.o
    0x080020f8   0x000000ec   Code   RO         2437    i.HAL_RCCEx_PeriphCLKConfig  stm32f1xx_hal_rcc_ex.o
    0x080021e4   0x00000154   Code   RO         1550    i.HAL_RCC_ClockConfig  stm32f1xx_hal_rcc.o
    0x08002338   0x0000000c   Code   RO         1555    i.HAL_RCC_GetHCLKFreq  stm32f1xx_hal_rcc.o
    0x08002344   0x00000020   Code   RO         1557    i.HAL_RCC_GetPCLK1Freq  stm32f1xx_hal_rcc.o
    0x08002364   0x00000020   Code   RO         1558    i.HAL_RCC_GetPCLK2Freq  stm32f1xx_hal_rcc.o
    0x08002384   0x0000006c   Code   RO         1559    i.HAL_RCC_GetSysClockFreq  stm32f1xx_hal_rcc.o
    0x080023f0   0x00000304   Code   RO         1562    i.HAL_RCC_OscConfig  stm32f1xx_hal_rcc.o
    0x080026f4   0x00000018   Code   RO         2293    i.HAL_SYSTICK_CLKSourceConfig  stm32f1xx_hal_cortex.o
    0x0800270c   0x00000002   Code   RO         2294    i.HAL_SYSTICK_Callback  stm32f1xx_hal_cortex.o
    0x0800270e   0x00000028   Code   RO         2295    i.HAL_SYSTICK_Config  stm32f1xx_hal_cortex.o
    0x08002736   0x00000008   Code   RO         2296    i.HAL_SYSTICK_IRQHandler  stm32f1xx_hal_cortex.o
    0x0800273e   0x00000002   Code   RO         2049    i.HAL_TIMEx_BreakCallback  stm32f1xx_hal_tim_ex.o
    0x08002740   0x00000002   Code   RO         2050    i.HAL_TIMEx_CommutationCallback  stm32f1xx_hal_tim_ex.o
    0x08002742   0x0000005a   Code   RO         2051    i.HAL_TIMEx_ConfigBreakDeadTime  stm32f1xx_hal_tim_ex.o
    0x0800279c   0x00000050   Code   RO         2066    i.HAL_TIMEx_MasterConfigSynchronization  stm32f1xx_hal_tim_ex.o
    0x080027ec   0x00000036   Code   RO          221    i.HAL_TIM_Base_Init  stm32f1xx_hal_tim.o
    0x08002822   0x00000002   PAD
    0x08002824   0x0000003c   Code   RO         2618    i.HAL_TIM_Base_MspInit  tim.o
    0x08002860   0x00000018   Code   RO          226    i.HAL_TIM_Base_Start_IT  stm32f1xx_hal_tim.o
    0x08002878   0x000000f2   Code   RO          230    i.HAL_TIM_ConfigClockSource  stm32f1xx_hal_tim.o
    0x0800296a   0x00000002   Code   RO          250    i.HAL_TIM_IC_CaptureCallback  stm32f1xx_hal_tim.o
    0x0800296c   0x00000166   Code   RO          263    i.HAL_TIM_IRQHandler  stm32f1xx_hal_tim.o
    0x08002ad2   0x00000002   PAD
    0x08002ad4   0x00000070   Code   RO         2619    i.HAL_TIM_MspPostInit  tim.o
    0x08002b44   0x00000002   Code   RO          266    i.HAL_TIM_OC_DelayElapsedCallback  stm32f1xx_hal_tim.o
    0x08002b46   0x000000d0   Code   RO          287    i.HAL_TIM_PWM_ConfigChannel  stm32f1xx_hal_tim.o
    0x08002c16   0x00000036   Code   RO          290    i.HAL_TIM_PWM_Init  stm32f1xx_hal_tim.o
    0x08002c4c   0x0000003c   Code   RO         2621    i.HAL_TIM_PWM_MspInit  tim.o
    0x08002c88   0x00000002   Code   RO          293    i.HAL_TIM_PWM_PulseFinishedCallback  stm32f1xx_hal_tim.o
    0x08002c8a   0x00000002   PAD
    0x08002c8c   0x00000030   Code   RO          294    i.HAL_TIM_PWM_Start  stm32f1xx_hal_tim.o
    0x08002cbc   0x00000020   Code   RO         2692    i.HAL_TIM_PeriodElapsedCallback  adc.o
    0x08002cdc   0x00000002   Code   RO          304    i.HAL_TIM_TriggerCallback  stm32f1xx_hal_tim.o
    0x08002cde   0x00000002   Code   RO         2923    i.HardFault_Handler  stm32f1xx_it.o
    0x08002ce0   0x0000000c   Code   RO         2924    i.I2C1_ER_IRQHandler  stm32f1xx_it.o
    0x08002cec   0x0000000c   Code   RO         2925    i.I2C1_EV_IRQHandler  stm32f1xx_it.o
    0x08002cf8   0x0000004e   Code   RO         1696    i.I2C_DMAAbort      stm32f1xx_hal_i2c.o
    0x08002d46   0x00000002   PAD
    0x08002d48   0x00000124   Code   RO         1699    i.I2C_ITError       stm32f1xx_hal_i2c.o
    0x08002e6c   0x000000c8   Code   RO         1701    i.I2C_MasterReceive_BTF  stm32f1xx_hal_i2c.o
    0x08002f34   0x000000ae   Code   RO         1702    i.I2C_MasterReceive_RXNE  stm32f1xx_hal_i2c.o
    0x08002fe2   0x00000080   Code   RO         1705    i.I2C_MasterTransmit_BTF  stm32f1xx_hal_i2c.o
    0x08003062   0x00000002   PAD
    0x08003064   0x00000108   Code   RO         1706    i.I2C_MasterTransmit_TXE  stm32f1xx_hal_i2c.o
    0x0800316c   0x0000011a   Code   RO         1707    i.I2C_Master_ADDR   stm32f1xx_hal_i2c.o
    0x08003286   0x0000005a   Code   RO         1708    i.I2C_Master_SB     stm32f1xx_hal_i2c.o
    0x080032e0   0x00000084   Code   RO         1711    i.I2C_Slave_AF      stm32f1xx_hal_i2c.o
    0x08003364   0x000000dc   Code   RO         1712    i.I2C_Slave_STOPF   stm32f1xx_hal_i2c.o
    0x08003440   0x00000120   Code   RO         2693    i.MX_ADC1_Init      adc.o
    0x08003560   0x0000002c   Code   RO         2563    i.MX_DMA_Init       dma.o
    0x0800358c   0x00000078   Code   RO         2590    i.MX_GPIO_Init      gpio.o
    0x08003604   0x00000054   Code   RO         2834    i.MX_I2C1_Init      i2c.o
    0x08003658   0x000000e8   Code   RO         2622    i.MX_TIM1_Init      tim.o
    0x08003740   0x000000b8   Code   RO         2623    i.MX_TIM2_Init      tim.o
    0x080037f8   0x00000078   Code   RO         2624    i.MX_TIM4_Init      tim.o
    0x08003870   0x00000002   Code   RO         2926    i.MemManage_Handler  stm32f1xx_it.o
    0x08003872   0x00000002   Code   RO         2927    i.NMI_Handler       stm32f1xx_it.o
    0x08003874   0x00000020   Code   RO         2297    i.NVIC_SetPriority  stm32f1xx_hal_cortex.o
    0x08003894   0x00000002   Code   RO         2928    i.PendSV_Handler    stm32f1xx_it.o
    0x08003896   0x00000002   Code   RO         2929    i.SVC_Handler       stm32f1xx_it.o
    0x08003898   0x0000000e   Code   RO         2930    i.SysTick_Handler   stm32f1xx_it.o
    0x080038a6   0x0000007a   Code   RO         2785    i.SystemClock_Config  main.o
    0x08003920   0x00000048   Code   RO         3021    i.SystemInit        system_stm32f1xx.o
    0x08003968   0x0000000c   Code   RO         2931    i.TIM4_IRQHandler   stm32f1xx_it.o
    0x08003974   0x0000006c   Code   RO          305    i.TIM_Base_SetConfig  stm32f1xx_hal_tim.o
    0x080039e0   0x00000016   Code   RO          306    i.TIM_CCxChannelCmd  stm32f1xx_hal_tim.o
    0x080039f6   0x00000014   Code   RO          312    i.TIM_ETR_SetConfig  stm32f1xx_hal_tim.o
    0x08003a0a   0x00000010   Code   RO          313    i.TIM_ITRx_SetConfig  stm32f1xx_hal_tim.o
    0x08003a1a   0x00000002   PAD
    0x08003a1c   0x00000050   Code   RO          314    i.TIM_OC1_SetConfig  stm32f1xx_hal_tim.o
    0x08003a6c   0x00000058   Code   RO          315    i.TIM_OC2_SetConfig  stm32f1xx_hal_tim.o
    0x08003ac4   0x00000058   Code   RO          316    i.TIM_OC3_SetConfig  stm32f1xx_hal_tim.o
    0x08003b1c   0x00000044   Code   RO          317    i.TIM_OC4_SetConfig  stm32f1xx_hal_tim.o
    0x08003b60   0x00000022   Code   RO          319    i.TIM_TI1_ConfigInputStage  stm32f1xx_hal_tim.o
    0x08003b82   0x00000024   Code   RO          321    i.TIM_TI2_ConfigInputStage  stm32f1xx_hal_tim.o
    0x08003ba6   0x00000002   Code   RO         2932    i.UsageFault_Handler  stm32f1xx_it.o
    0x08003ba8   0x00000002   Code   RO         2786    i._Error_Handler    main.o
    0x08003baa   0x0000000e   Code   RO         3307    i.__scatterload_copy  mc_w.l(handlers.o)
    0x08003bb8   0x00000002   Code   RO         3308    i.__scatterload_null  mc_w.l(handlers.o)
    0x08003bba   0x0000000e   Code   RO         3309    i.__scatterload_zeroinit  mc_w.l(handlers.o)
    0x08003bc8   0x000003d8   Code   RO         2694    i.control_loop      adc.o
    0x08003fa0   0x000000ec   Code   RO         2695    i.identification_loop  adc.o
    0x0800408c   0x000001b4   Code   RO         2787    i.main              main.o
    0x08004240   0x00000020   Code   RO         2835    i.restartComm       i2c.o
    0x08004260   0x00000010   Data   RO         3022    .constdata          system_stm32f1xx.o
    0x08004270   0x00000008   Data   RO         3023    .constdata          system_stm32f1xx.o
    0x08004278   0x00000020   Data   RO         3305    Region$$Table       anon$$obj.o


    Execution Region RW_IRAM1 (Base: 0x20000000, Size: 0x00000888, Max: 0x00005000, ABSOLUTE, COMPRESSED[0x00000064])

    Base Addr    Size         Type   Attr      Idx    E Section Name        Object

    0x20000000   0x0000000c   Data   RW         1252    .data               stm32f1xx_hal.o
    0x2000000c   0x000000d8   Data   RW         2700    .data               adc.o
    0x200000e4   0x00000040   Data   RW         2701    .data               adc.o
    0x20000124   0x00000008   Data   RW         2703    .data               adc.o
    0x2000012c   0x0000000c   Data   RW         2837    .data               i2c.o
    0x20000138   0x00000004   Data   RW         3024    .data               system_stm32f1xx.o
    0x2000013c   0x000000c0   Zero   RW         2625    .bss                tim.o
    0x200001fc   0x00000210   Zero   RW         2697    .bss                adc.o
    0x2000040c   0x00000010   Zero   RW         2698    .bss                adc.o
    0x2000041c   0x0000006c   Zero   RW         2836    .bss                i2c.o
    0x20000488   0x00000400   Zero   RW         2553    STACK               startup_stm32f103xb.o


==============================================================================

Image component sizes


      Code (inc. data)   RO Data    RW Data    ZI Data      Debug   Object Name

      1808        190          0        288        544      20886   adc.o
        44          4          0          0          0        698   dma.o
       120         10          0          0          0        851   gpio.o
       444         74          0         12        108       3848   i2c.o
       560         90          0          0          0       2185   main.o
        36          8        236          0       1024        752   startup_stm32f103xb.o
       164         28          0         12          0       3721   stm32f1xx_hal.o
      1110         54          0          0          0       7791   stm32f1xx_hal_adc.o
       200          6          0          0          0       1382   stm32f1xx_hal_adc_ex.o
       228         14          0          0          0      27229   stm32f1xx_hal_cortex.o
       746         36          0          0          0       4218   stm32f1xx_hal_dma.o
       462         36          0          0          0       3385   stm32f1xx_hal_gpio.o
      3268         76          0          0          0      19735   stm32f1xx_hal_i2c.o
       128         10          0          0          0        838   stm32f1xx_hal_msp.o
         0          0          0          0          0     451904   stm32f1xx_hal_pwr.o
      1296        104          0          0          0       5512   stm32f1xx_hal_rcc.o
       436         46          0          0          0       2481   stm32f1xx_hal_rcc_ex.o
      1556         40          0          0          0      14534   stm32f1xx_hal_tim.o
       174          0          0          0          0       3026   stm32f1xx_hal_tim_ex.o
        78         24          0          0          0       5309   stm32f1xx_it.o
        72         16         24          4          0       1103   system_stm32f1xx.o
       768        106          0          0        192       3976   tim.o

    ----------------------------------------------------------------------
     13722        972        292        316       1868     585364   Object Totals
         0          0         32          0          0          0   (incl. Generated)
        24          0          0          0          0          0   (incl. Padding)

    ----------------------------------------------------------------------

      Code (inc. data)   RO Data    RW Data    ZI Data      Debug   Library Member Name

       138          0          0          0          0      19094   arm_add_f32.o
       146          0          0          0          0       1003   arm_dot_prod_f32.o
         8          0          0          0          0        951   arm_mat_init_f32.o
       244          0          0          0          0       2151   arm_mat_mult_f32.o
       134          0          0          0          0       1508   arm_mat_scale_f32.o
       156          0          0          0          0       1514   arm_mat_sub_f32.o
       120          0          0          0          0       1008   arm_scale_f32.o
        86          0          0          0          0          0   __dczerorl2.o
         0          0          0          0          0          0   entry.o
         0          0          0          0          0          0   entry10a.o
         0          0          0          0          0          0   entry11a.o
         8          4          0          0          0          0   entry2.o
         4          0          0          0          0          0   entry5.o
         0          0          0          0          0          0   entry7b.o
         0          0          0          0          0          0   entry8b.o
         8          4          0          0          0          0   entry9a.o
        30          0          0          0          0          0   handlers.o
        36          8          0          0          0         68   init.o
         0          0          0          0          0          0   iusefp.o
        30          0          0          0          0         68   llshl.o
        36          0          0          0          0         68   llsshr.o
        32          0          0          0          0         68   llushr.o
        56          0          0          0          0         88   d2f.o
       334          0          0          0          0        148   dadd.o
       222          0          0          0          0        100   ddiv.o
       186          0          0          0          0        176   depilogue.o
        50          0          0          0          0         76   dfixui.o
        34          0          0          0          0         76   dflti.o
        26          0          0          0          0         76   dfltui.o
       228          0          0          0          0         96   dmul.o
        46          0          0          0          0         80   dscalb.o
        38          0          0          0          0         68   f2d.o
       176          0          0          0          0        140   fadd.o
       124          0          0          0          0         88   fdiv.o
       110          0          0          0          0        168   fepilogue.o
        50          0          0          0          0         68   ffixi.o
        10          0          0          0          0         68   ffltui.o
       100          0          0          0          0         76   fmul.o
        24          0          0          0          0         68   fscalb.o

    ----------------------------------------------------------------------
      3034         16          0          0          0      29161   Library Totals
         4          0          0          0          0          0   (incl. Padding)

    ----------------------------------------------------------------------

      Code (inc. data)   RO Data    RW Data    ZI Data      Debug   Library Name

       946          0          0          0          0      27229   arm_cortexM3l_math.lib
       270         16          0          0          0        272   mc_w.l
      1814          0          0          0          0       1660   mf_w.l

    ----------------------------------------------------------------------
      3034         16          0          0          0      29161   Library Totals

    ----------------------------------------------------------------------

==============================================================================


      Code (inc. data)   RO Data    RW Data    ZI Data      Debug   

     16756        988        292        316       1868     607009   Grand Totals
     16756        988        292        100       1868     607009   ELF Image Totals (compressed)
     16756        988        292        100          0          0   ROM Totals

==============================================================================

    Total RO  Size (Code + RO Data)                17048 (  16.65kB)
    Total RW  Size (RW Data + ZI Data)              2184 (   2.13kB)
    Total ROM Size (Code + RO Data + RW Data)      17148 (  16.75kB)

==============================================================================

